s:main/BEG
s:    socket created
s:    bind done
s:    connection accepted
s:    s9proc/BEG
s:        s9proc1
s:        readbuf/BEG
s:            size = 4
s:            alloc (recv): 4 bytes
s:            13:00:00:00
s:        readbuf/END
s:        s9proc2
s:        s9proc3
s:        readbuf/BEG
s:            size = 15
s:            free (recv): 4 bytes
s:            alloc (recv): 15 bytes
s:            64:ff:ff:02:20:00:00:06:00:39:50:32:30:30:30
s:        readbuf/END
s:        s9proc5
s:        Tversion1
s:        Tversion9
s:        t_/BEG
s:            Tversion: [65535]
s:            s9version/BEG
s:                R/BEG
s:                    makebuf/BEG
s:                        alloc (send): 19 bytes
s:                    makebuf/END
s:                R/END
s:                sendbuf/BEG
s:                    free (send): 19 bytes
s:                sendbuf/END
s:            s9version/END
s:        t_/END
s:    s9proc/END
s:    s9proc/BEG
s:        s9proc1
s:        readbuf/BEG
s:            size = 4
s:            free (recv): 15 bytes
s:            alloc (recv): 4 bytes
s:            13:00:00:00
s:        readbuf/END
s:        s9proc2
s:        s9proc3
s:        readbuf/BEG
s:            size = 15
s:            free (recv): 4 bytes
s:            alloc (recv): 15 bytes
s:            64:ff:ff:00:20:00:00:06:00:39:50:32:30:30:30
s:        readbuf/END
s:        s9proc5
s:        Tversion1
s:        Tversion9
s:        t_/BEG
s:            Tversion: [65535]
s:            s9version/BEG
s:                R/BEG
s:                    makebuf/BEG
s:                        alloc (send): 19 bytes
s:                    makebuf/END
s:                R/END
s:                sendbuf/BEG
s:                    free (send): 19 bytes
s:                sendbuf/END
s:            s9version/END
s:        t_/END
s:    s9proc/END
s:    s9proc/BEG
s:        s9proc1
s:        readbuf/BEG
s:            size = 4
s:            free (recv): 15 bytes
s:            alloc (recv): 4 bytes
s:            13:00:00:00
s:        readbuf/END
s:        s9proc2
s:        s9proc3
s:        readbuf/BEG
s:            size = 15
s:            free (recv): 4 bytes
s:            alloc (recv): 15 bytes
s:            64:ff:ff:01:20:00:00:06:00:39:50:32:30:30:30
s:        readbuf/END
s:        s9proc5
s:        Tversion1
s:        Tversion9
s:        t_/BEG
s:            Tversion: [65535]
s:            s9version/BEG
s:                R/BEG
s:                    makebuf/BEG
s:                        alloc (send): 19 bytes
s:                    makebuf/END
s:                R/END
s:                sendbuf/BEG
s:                    free (send): 19 bytes
s:                sendbuf/END
s:            s9version/END
s:        t_/END
s:    s9proc/END
s:    s9proc/BEG
s:        s9proc1
s:        readbuf/BEG
s:            size = 4
s:            free (recv): 15 bytes
s:            alloc (recv): 4 bytes
s:            25:00:00:00
s:        readbuf/END
s:        s9proc2
s:        s9proc3
s:        readbuf/BEG
s:            size = 33
s:            free (recv): 4 bytes
s:            alloc (recv): 33 bytes
s:            66:00:00:07:00:00:00:0e:00:75:73:65:72:2f:70:61:73:73:77:6f:72:64:31:08:00:69:6e:73:74:61:6e:63:65
s:        readbuf/END
s:        s9proc5
s:        t_/BEG
s:            threadf/BEG
s:                Tauth: [0] (7) user/password1 instance
s:                s9auth/BEG
s:                    R/BEG
s:                        makebuf/BEG
s:                            alloc (send): 20 bytes
s:                        makebuf/END
s:                    R/END
s:                    sendbuf/BEG
s:                        free (send): 20 bytes
s:                    sendbuf/END
s:                s9auth/END
s:            threadf/END
s:        t_/END
s:    s9proc/END
s:    s9proc/BEG
s:        s9proc1
s:        readbuf/BEG
s:            size = 4
s:            free (recv): 33 bytes
s:            alloc (recv): 4 bytes
s:            25:00:00:00
s:        readbuf/END
s:        s9proc2
s:        s9proc3
s:        readbuf/BEG
s:            size = 33
s:            free (recv): 4 bytes
s:            alloc (recv): 33 bytes
s:            66:01:00:07:00:00:00:0e:00:75:73:65:72:2f:70:61:73:73:77:6f:72:64:32:08:00:69:6e:73:74:61:6e:63:65
s:        readbuf/END
s:        s9proc5
s:        t_/BEG
s:            threadf/BEG
s:                Tauth: [1] (7) user/password2 instance
s:                s9auth/BEG
s:                    R/BEG
s:                        makebuf/BEG
s:                            alloc (send): 20 bytes
s:                        makebuf/END
s:                    R/END
s:                    sendbuf/BEG
s:                        free (send): 20 bytes
s:                    sendbuf/END
s:                s9auth/END
s:            threadf/END
s:        t_/END
s:    s9proc/END
s:    s9proc/BEG
s:        s9proc1
s:        readbuf/BEG
s:            size = 4
s:            free (recv): 33 bytes
s:            alloc (recv): 4 bytes
s:            25:00:00:00
s:        readbuf/END
s:        s9proc2
s:        s9proc3
s:        readbuf/BEG
s:            size = 33
s:            free (recv): 4 bytes
s:            alloc (recv): 33 bytes
s:            66:02:00:07:00:00:00:0e:00:75:73:65:72:2f:70:61:73:73:77:6f:72:64:33:08:00:69:6e:73:74:61:6e:63:65
s:        readbuf/END
s:        s9proc5
s:        t_/BEG
s:            threadf/BEG
s:                Tauth: [2] (7) user/password3 instance
s:                s9auth/BEG
s:                    R/BEG
s:                        makebuf/BEG
s:                            alloc (send): 20 bytes
s:                        makebuf/END
s:                    R/END
s:                    sendbuf/BEG
s:                        free (send): 20 bytes
s:                    sendbuf/END
s:                s9auth/END
s:            threadf/END
s:        t_/END
s:    s9proc/END
s:    s9proc/BEG
s:        s9proc1
s:        readbuf/BEG
s:            size = 4
s:            free (recv): 33 bytes
s:            alloc (recv): 4 bytes
s:            
s:        readbuf/END
s:        s9proc2
s:        s9proc: invalid packet size !(7 <= 0 <= 8192)
s:    s9proc/END
s:    client disconnected
s:    free (recv): 4 bytes
s:main/END


c:main/BEG
c:    socket created
c:    connected
c:    c9version/BEG
c:        T/BEG
c:            newtag/BEG
c:            newtag/END
c:            makebuf/BEG
c:                alloc (send): 19 bytes
c:            makebuf/END
c:        T/END
c:        sendbuf/BEG
c:            free (send): 19 bytes
c:        sendbuf/END
c:    c9version/END
c:    c9version/BEG
c:        T/BEG
c:            newtag/BEG
c:            newtag/END
c:            makebuf/BEG
c:                alloc (send): 19 bytes
c:            makebuf/END
c:        T/END
c:        sendbuf/BEG
c:            free (send): 19 bytes
c:        sendbuf/END
c:    c9version/END
c:    c9version/BEG
c:        T/BEG
c:            newtag/BEG
c:            newtag/END
c:            makebuf/BEG
c:                alloc (send): 19 bytes
c:            makebuf/END
c:        T/END
c:        sendbuf/BEG
c:            free (send): 19 bytes
c:        sendbuf/END
c:    c9version/END
c:    c9auth/BEG
c:        T/BEG
c:            newtag/BEG
c:            newtag/END
c:            makebuf/BEG
c:                alloc (send): 37 bytes
c:            makebuf/END
c:        T/END
c:        sendbuf/BEG
c:            free (send): 37 bytes
c:        sendbuf/END
c:    c9auth/END
c:    c9auth/BEG
c:        T/BEG
c:            newtag/BEG
c:            newtag/END
c:            makebuf/BEG
c:                alloc (send): 37 bytes
c:            makebuf/END
c:        T/END
c:        sendbuf/BEG
c:            free (send): 37 bytes
c:        sendbuf/END
c:    c9auth/END
c:    c9auth/BEG
c:        T/BEG
c:            newtag/BEG
c:            newtag/END
c:            makebuf/BEG
c:                alloc (send): 37 bytes
c:            makebuf/END
c:        T/END
c:        sendbuf/BEG
c:            free (send): 37 bytes
c:        sendbuf/END
c:    c9auth/END
c:main/END

c2:threadf/BEG
c2:    c9proc/BEG
c2:        readbuf/BEG
c2:            alloc (recv): 4 bytes
c2:            13:00:00:00
c2:        readbuf/END
c2:        read size
c2:        readbuf/BEG
c2:            free (recv): 4 bytes
c2:            alloc (recv): 15 bytes
c2:            65:ff:ff:01:20:00:00:06:00:39:50:32:30:30:30
c2:        readbuf/END
c2:        read type,tag
c2:        r.type = 101
c2:        r_/BEG
c2:            free (recv): 15 bytes
c2:            Rversion
c2:        r_/END
c2:    c9proc/END
c2:    c9proc/BEG
c2:        readbuf/BEG
c2:            alloc (recv): 4 bytes
c2:            13:00:00:00
c2:        readbuf/END
c2:        read size
c2:        readbuf/BEG
c2:            free (recv): 4 bytes
c2:            alloc (recv): 15 bytes
c2:            65:ff:ff:00:20:00:00:06:00:39:50:32:30:30:30
c2:        readbuf/END
c2:        read type,tag
c2:        r.type = 101
c2:        r_/BEG
c2:            free (recv): 15 bytes
c2:            Rversion
c2:        r_/END
c2:    c9proc/END
c2:    c9proc/BEG
c2:        readbuf/BEG
c2:            alloc (recv): 4 bytes
c2:            13:00:00:00
c2:        readbuf/END
c2:        read size
c2:        readbuf/BEG
c2:            free (recv): 4 bytes
c2:            alloc (recv): 15 bytes
c2:            65:ff:ff:00:20:00:00:06:00:39:50:32:30:30:30
c2:        readbuf/END
c2:        read type,tag
c2:        r.type = 101
c2:        r_/BEG
c2:            free (recv): 15 bytes
c2:            Rversion
c2:        r_/END
c2:    c9proc/END
c2:    c9proc/BEG
c2:        readbuf/BEG
c2:            alloc (recv): 4 bytes
c2:            14:00:00:00
c2:        readbuf/END
c2:        read size
c2:        readbuf/BEG
c2:            free (recv): 4 bytes
c2:            alloc (recv): 16 bytes
c2:            67:00:00:00:00:00:00:00:00:00:00:00:00:00:00:00
c2:        readbuf/END
c2:        read type,tag
c2:        freetag/BEG
c2:            tag = 0
c2:        freetag/END
c2:        r.type = 103
c2:        r_/BEG
c2:            free (recv): 16 bytes
c2:            Rauth
c2:        r_/END
c2:    c9proc/END
c2:    c9proc/BEG
c2:        readbuf/BEG
c2:            alloc (recv): 4 bytes
c2:            14:00:00:00
c2:        readbuf/END
c2:        read size
c2:        readbuf/BEG
c2:            free (recv): 4 bytes
c2:            alloc (recv): 16 bytes
c2:            67:01:00:00:00:00:00:00:00:00:00:00:00:00:00:00
c2:        readbuf/END
c2:        read type,tag
c2:        freetag/BEG
c2:            tag = 1
c2:        freetag/END
c2:        r.type = 103
c2:        r_/BEG
c2:            free (recv): 16 bytes
c2:            Rauth
c2:        r_/END
c2:    c9proc/END
c2:    c9proc/BEG
c2:        readbuf/BEG
c2:            alloc (recv): 4 bytes
c2:            14:00:00:00
c2:        readbuf/END
c2:        read size
c2:        readbuf/BEG
c2:            free (recv): 4 bytes
c2:            alloc (recv): 16 bytes
c2:            67:02:00:00:00:00:00:00:00:00:00:00:00:00:00:00
c2:        readbuf/END
c2:        read type,tag
c2:        freetag/BEG
c2:            tag = 2
c2:        freetag/END
c2:        r.type = 103
c2:        r_/BEG
c2:            free (recv): 16 bytes
c2:            Rauth
c2:        r_/END
c2:    c9proc/END
c2:threadf/END
