s:main/BEG
s:    socket created
s:    bind done
s:    connection accepted
s:    s9proc/BEG
s:        s9proc1
s:        readbuf/BEG
s:            size = 4
s:            alloc (recv): 4 bytes
s:            13:00:00:00
s:        readbuf/END
s:        s9proc2
s:        s9proc3
s:        readbuf/BEG
s:            size = 15
s:            free (recv): 4 bytes
s:            alloc (recv): 15 bytes
s:            64:ff:ff:02:20:00:00:06:00:39:50:32:30:30:30
s:        readbuf/END
s:        s9proc5
s:        Tversion1
s:        Tversion9
s:        t_/BEG
s:            Tversion
s:            makebuf/BEG
s:                alloc (send): 19 bytes
s:            makebuf/END
s:            sendbuf/BEG
s:                free (send): 19 bytes
s:            sendbuf/END
s:            free (recv): 15 bytes
s:        t_/END
s:    s9proc/END
s:    s9proc/BEG
s:        s9proc1
s:        readbuf/BEG
s:            size = 4
s:            alloc (recv): 4 bytes
s:            13:00:00:00
s:        readbuf/END
s:        s9proc2
s:        s9proc3
s:        readbuf/BEG
s:            size = 15
s:            free (recv): 4 bytes
s:            alloc (recv): 15 bytes
s:            64:ff:ff:00:20:00:00:06:00:39:50:32:30:30:30
s:        readbuf/END
s:        s9proc5
s:        Tversion1
s:        Tversion9
s:        t_/BEG
s:            Tversion
s:            makebuf/BEG
s:                alloc (send): 19 bytes
s:            makebuf/END
s:            sendbuf/BEG
s:                free (send): 19 bytes
s:            sendbuf/END
s:            free (recv): 15 bytes
s:        t_/END
s:    s9proc/END
s:    s9proc/BEG
s:        s9proc1
s:        readbuf/BEG
s:            size = 4
s:            alloc (recv): 4 bytes
s:            13:00:00:00
s:        readbuf/END
s:        s9proc2
s:        s9proc3
s:        readbuf/BEG
s:            size = 15
s:            free (recv): 4 bytes
s:            alloc (recv): 15 bytes
s:            64:ff:ff:01:20:00:00:06:00:39:50:32:30:30:30
s:        readbuf/END
s:        s9proc5
s:        Tversion1
s:        Tversion9
s:        t_/BEG
s:            Tversion
s:            makebuf/BEG
s:                alloc (send): 19 bytes
s:            makebuf/END
s:            sendbuf/BEG
s:                free (send): 19 bytes
s:            sendbuf/END
s:            free (recv): 15 bytes
s:        t_/END
s:    s9proc/END
s:    s9proc/BEG
s:        s9proc1
s:        readbuf/BEG
s:            size = 4
s:            alloc (recv): 4 bytes
s:            24:00:00:00
s:        readbuf/END
s:        s9proc2
s:        s9proc3
s:        readbuf/BEG
s:            size = 32
s:            free (recv): 4 bytes
s:            alloc (recv): 32 bytes
s:            66:00:00:07:00:00:00:0d:00:75:73:65:72:2f:70:61:73:73:77:6f:72:64:08:00:69:6e:73:74:61:6e:63:65
s:        readbuf/END
s:        s9proc5
s:        t_/BEG
s:            Tauth: (7) user/password instance
s:            free (recv): 32 bytes
s:        t_/END
s:    s9proc/END
s:    s9proc/BEG
s:        s9proc1
s:        readbuf/BEG
s:            size = 4
s:            alloc (recv): 4 bytes
s:            
s:        readbuf/END
s:        s9proc2
s:        s9proc: invalid packet size !(7 <= 0 <= 8192)
s:    s9proc/END
s:    client disconnected
s:    free (recv): 4 bytes
s:main/END
c:main/BEG
c:    socket created
c:    connected
c:    makebuf/BEG
c:        alloc (send): 19 bytes
c:    makebuf/END
c:    sendbuf/BEG
c:        free (send): 19 bytes
c:    sendbuf/END
c:    makebuf/BEG
c:        alloc (send): 19 bytes
c:    makebuf/END
c:    sendbuf/BEG
c:        free (send): 19 bytes
c:    sendbuf/END
c:    makebuf/BEG
c:        alloc (send): 19 bytes
c:    makebuf/END
c:    sendbuf/BEG
c:        free (send): 19 bytes
c:    sendbuf/END
c:    makebuf/BEG
c:        alloc (send): 36 bytes
c:    makebuf/END
c:    sendbuf/BEG
c:        free (send): 36 bytes
c:    sendbuf/END
c:    readbuf/BEG
c:        alloc (recv): 4 bytes
c:        13:00:00:00
c:    readbuf/END
c:    readbuf/BEG
c:        free (recv): 4 bytes
c:        alloc (recv): 15 bytes
c:        65:ff:ff:01:20:00:00:06:00:39:50:32:30:30:30
c:    readbuf/END
c:    r_/BEG
c:        free (recv): 15 bytes
c:        Rversion
c:    r_/END
c:    readbuf/BEG
c:        alloc (recv): 4 bytes
c:        13:00:00:00
c:    readbuf/END
c:    readbuf/BEG
c:        free (recv): 4 bytes
c:        alloc (recv): 15 bytes
c:        65:ff:ff:00:20:00:00:06:00:39:50:32:30:30:30
c:    readbuf/END
c:    r_/BEG
c:        free (recv): 15 bytes
c:        Rversion
c:    r_/END
c:    readbuf/BEG
c:        alloc (recv): 4 bytes
c:        13:00:00:00
c:    readbuf/END
c:    readbuf/BEG
c:        free (recv): 4 bytes
c:        alloc (recv): 15 bytes
c:        65:ff:ff:00:20:00:00:06:00:39:50:32:30:30:30
c:    readbuf/END
c:    r_/BEG
c:        free (recv): 15 bytes
c:        Rversion
c:    r_/END
c:main/END
