c:main/BEG
c:    socket created
c:    connected
c:    makebuf/BEG
c:        alloc (send): 19 bytes
c:    makebuf/END
c:    sendbuf/BEG
c:        free (send): 19 bytes
c:    sendbuf/END
c:    makebuf/BEG
c:        alloc (send): 19 bytes
c:    makebuf/END
c:    sendbuf/BEG
c:        free (send): 19 bytes
c:    sendbuf/END
c:    makebuf/BEG
c:        alloc (send): 19 bytes
c:    makebuf/END
c:    sendbuf/BEG
c:        free (send): 19 bytes
c:    sendbuf/END
c:    makebuf/BEG
c:        alloc (send): 36 bytes
c:    makebuf/END
c:    sendbuf/BEG
c:        free (send): 36 bytes
c:    sendbuf/END
c:main/END
c:main/BEG
c:    socket created
c:    connected
c:    makebuf/BEG
c:        alloc (send): 19 bytes
c:    makebuf/END
c:    sendbuf/BEG
c:        free (send): 19 bytes
c:    sendbuf/END
c:    makebuf/BEG
c:        alloc (send): 19 bytes
c:    makebuf/END
c:    sendbuf/BEG
c:        free (send): 19 bytes
c:    sendbuf/END
c:    makebuf/BEG
c:        alloc (send): 19 bytes
c:    makebuf/END
c:    sendbuf/BEG
c:        free (send): 19 bytes
c:    sendbuf/END
c:    makebuf/BEG
c:        alloc (send): 36 bytes
c:    makebuf/END
c:    sendbuf/BEG
c:        free (send): 36 bytes
c:    sendbuf/END
c:main/END
c:main/BEG
c:    socket created
c:    connected
c:    makebuf/BEG
c:        alloc (send): 19 bytes
c:    makebuf/END
c:    sendbuf/BEG
c:        free (send): 19 bytes
c:    sendbuf/END
c:    makebuf/BEG
c:        alloc (send): 19 bytes
c:    makebuf/END
c:    sendbuf/BEG
c:        free (send): 19 bytes
c:    sendbuf/END
c:    makebuf/BEG
c:        alloc (send): 19 bytes
c:    makebuf/END
c:    sendbuf/BEG
c:        free (send): 19 bytes
c:    sendbuf/END
c:    makebuf/BEG
c:        alloc (send): 36 bytes
c:    makebuf/END
c:    sendbuf/BEG
c:        free (send): 36 bytes
c:    sendbuf/END
c:main/END
