s:main/BEG
s:    socket created
s:    bind done
s:    connection accepted
s:    s9proc/BEG
s:        s9proc1
s:        readbuf/BEG
s:            size = 4
s:            alloc (recv): 4 bytes
s:            13:00:00:00
s:        readbuf/END
s:        s9proc2
s:        s9proc3
s:        readbuf/BEG
s:            size = 15
s:            free (recv): 4 bytes
s:            alloc (recv): 15 bytes
s:            64:ff:ff:02:20:00:00:06:00:39:50:32:30:30:30
s:        readbuf/END
s:        s9proc5
s:        Tversion1
s:        Tversion9
s:        t_/BEG
s:            free (recv): 15 bytes
s:            client send:100
s:            makebuf/BEG
s:                alloc (send): 19 bytes
s:            makebuf/END
s:            sendbuf/BEG
s:                free (send): 19 bytes
s:            sendbuf/END
s:        t_/END
s:    s9proc/END
s:    s9proc/BEG
s:        s9proc1
s:        readbuf/BEG
s:            size = 4
s:            alloc (recv): 4 bytes
s:            13:00:00:00
s:        readbuf/END
s:        s9proc2
s:        s9proc3
s:        readbuf/BEG
s:            size = 15
s:            free (recv): 4 bytes
s:            alloc (recv): 15 bytes
s:            64:ff:ff:00:20:00:00:06:00:39:50:32:30:30:30
s:        readbuf/END
s:        s9proc5
s:        Tversion1
s:        Tversion9
s:        t_/BEG
s:            free (recv): 15 bytes
s:            client send:100
s:            makebuf/BEG
s:                alloc (send): 19 bytes
s:            makebuf/END
s:            sendbuf/BEG
s:                free (send): 19 bytes
s:            sendbuf/END
s:        t_/END
s:    s9proc/END
s:    s9proc/BEG
s:        s9proc1
s:        readbuf/BEG
s:            size = 4
s:            alloc (recv): 4 bytes
s:            13:00:00:00
s:        readbuf/END
s:        s9proc2
s:        s9proc3
s:        readbuf/BEG
s:            size = 15
s:            free (recv): 4 bytes
s:            alloc (recv): 15 bytes
s:            64:ff:ff:01:20:00:00:06:00:39:50:32:30:30:30
s:        readbuf/END
s:        s9proc5
s:        Tversion1
s:        Tversion9
s:        t_/BEG
s:            free (recv): 15 bytes
s:            client send:100
s:            makebuf/BEG
s:                alloc (send): 19 bytes
s:            makebuf/END
s:            sendbuf/BEG
s:                free (send): 19 bytes
s:            sendbuf/END
s:        t_/END
s:    s9proc/END
s:    s9proc/BEG
s:        s9proc1
s:        readbuf/BEG
s:            size = 4
s:            alloc (recv): 4 bytes
s:            
s:        readbuf/END
s:        s9proc2
s:        s9proc: invalid packet size !(7 <= 0 <= 8192)
s:    s9proc/END
s:    client disconnected
s:    free (recv): 4 bytes
s:main/END
s:main/BEG
s:    socket created
s:    bind done
s:    connection accepted
s:    s9proc/BEG
s:        s9proc1
s:        readbuf/BEG
s:            size = 4
s:            alloc (recv): 4 bytes
s:            13:00:00:00
s:        readbuf/END
s:        s9proc2
s:        s9proc3
s:        readbuf/BEG
s:            size = 15
s:            free (recv): 4 bytes
s:            alloc (recv): 15 bytes
s:            64:ff:ff:02:20:00:00:06:00:39:50:32:30:30:30
s:        readbuf/END
s:        s9proc5
s:        Tversion1
s:        Tversion9
s:        t_/BEG
s:            free (recv): 15 bytes
s:            client send:100
s:            makebuf/BEG
s:                alloc (send): 19 bytes
s:            makebuf/END
s:            sendbuf/BEG
s:                free (send): 19 bytes
s:            sendbuf/END
s:        t_/END
s:    s9proc/END
s:    s9proc/BEG
s:        s9proc1
s:        readbuf/BEG
s:            size = 4
s:            alloc (recv): 4 bytes
s:            13:00:00:00
s:        readbuf/END
s:        s9proc2
s:        s9proc3
s:        readbuf/BEG
s:            size = 15
s:            free (recv): 4 bytes
s:            alloc (recv): 15 bytes
s:            64:ff:ff:00:20:00:00:06:00:39:50:32:30:30:30
s:        readbuf/END
s:        s9proc5
s:        Tversion1
s:        Tversion9
s:        t_/BEG
s:            free (recv): 15 bytes
s:            client send:100
s:            makebuf/BEG
s:                alloc (send): 19 bytes
s:            makebuf/END
s:            sendbuf/BEG
s:                free (send): 19 bytes
s:            sendbuf/END
s:        t_/END
s:    s9proc/END
s:    s9proc/BEG
s:        s9proc1
s:        readbuf/BEG
s:            size = 4
s:            alloc (recv): 4 bytes
s:            13:00:00:00
s:        readbuf/END
s:        s9proc2
s:        s9proc3
s:        readbuf/BEG
s:            size = 15
s:            free (recv): 4 bytes
s:            alloc (recv): 15 bytes
s:            64:ff:ff:01:20:00:00:06:00:39:50:32:30:30:30
s:        readbuf/END
s:        s9proc5
s:        Tversion1
s:        Tversion9
s:        t_/BEG
s:            free (recv): 15 bytes
s:            client send:100
s:            makebuf/BEG
s:                alloc (send): 19 bytes
s:            makebuf/END
s:            sendbuf/BEG
s:                free (send): 19 bytes
s:            sendbuf/END
s:        t_/END
s:    s9proc/END
s:    s9proc/BEG
s:        s9proc1
s:        readbuf/BEG
s:            size = 4
s:            alloc (recv): 4 bytes
s:            
s:        readbuf/END
s:        s9proc2
s:        s9proc: invalid packet size !(7 <= 0 <= 8192)
s:    s9proc/END
s:    client disconnected
s:    free (recv): 4 bytes
s:main/END
