Ether / IP / TCP / 65535 Tversion '9P2000'
Ether / IP / TCP / 65535 Rversion '9P2000'
Ether / IP / TCP /  0 Tattach 'chrx'
Ether / IP / TCP /  0 Rattach 10000000.1488271900.00000000000000181589(80:1c:3a:b5:58:55:c5:02:00:00:00:00:00)
Ether / IP / TCP /  0 Twalk 1 0 []
Ether / IP / TCP /  0 Rwalk 0 []
Ether / IP / TCP /  0 Topen / Raw
Ether / IP / TCP /  0 Ropen 10000000.1488271900.00000000000000181589(80:1c:3a:b5:58:55:c5:02:00:00:00:00:00) 0
Ether / IP / TCP /  1 Twalk 2 1 ['.xdg-volume-info']
Ether / IP / TCP /  1 Rerror 'No such file or directory'
Ether / IP / TCP /  0 Tstat
Ether / IP / TCP /  0 Rstat / Raw
Ether / IP / TCP /  1 Twalk 2 1 ['autorun.inf']
Ether / IP / TCP /  1 Rerror 'No such file or directory'
Ether / IP / TCP /  1 Twalk 2 1 ['..']
Ether / IP / TCP /  1 Rerror 'bad use of fid'
Ether / IP / TCP /  1 Tread / Raw
Ether / IP / TCP /  1 Rread / Raw
Ether / IP / TCP /  1 Tread / Raw
Ether / IP / TCP /  1 Rread / Raw
Ether / IP / TCP /  1 Tread / Raw
Ether / IP / TCP /  1 Rread / Raw
Ether / IP / TCP /  1 Twalk 2 1 ['dejavu.tgz']
Ether / IP / TCP /  1 Rwalk 1 ['\x00D\xa6\x86\x15\x87\x17\x02\x00\x00\x00\x00\x00']
Ether / IP / TCP /  1 Tstat
Ether / IP / TCP /  1 Rstat / Raw
Ether / IP / TCP /  1 Twalk 3 1 ['tcp.cap']
Ether / IP / TCP /  1 Rwalk 1 ['\x00\xcf\x01\xb6X\xb68\x02\x00\x00\x00\x00\x00']
Ether / IP / TCP /  1 Tstat
Ether / IP / TCP /  1 Rstat / Raw
Ether / IP / TCP /  1 Twalk 4 1 ['conf.tgz']
Ether / IP / TCP /  1 Rwalk 1 ['\x00\x06\xabbX\x81D\x02\x00\x00\x00\x00\x00']
Ether / IP / TCP /  1 Tstat
Ether / IP / TCP /  1 Rstat / Raw
Ether / IP / TCP /  1 Twalk 5 1 ['DejaVu Sans Mono']
Ether / IP / TCP /  1 Rwalk 1 ['\x80\xff\x16DX\xd9{\x02\x00\x00\x00\x00\x00']
Ether / IP / TCP /  1 Tstat
Ether / IP / TCP /  1 Rstat / Raw
Ether / IP / TCP /  1 Twalk 6 1 ['report.xml']
Ether / IP / TCP /  1 Rwalk 1 ['\x00_\x16\x82Xe\xc4\x02\x00\x00\x00\x00\x00']
Ether / IP / TCP /  1 Tstat
Ether / IP / TCP /  1 Rstat / Raw
Ether / IP / TCP /  1 Twalk 7 1 ['fuse.txt']
Ether / IP / TCP /  1 Rwalk 1 ['\x00c)\xe8X4\xcb\x02\x00\x00\x00\x00\x00']
Ether / IP / TCP /  1 Tstat
Ether / IP / TCP /  1 Rstat / Raw
Ether / IP / TCP /  1 Twalk 8 1 ['tf']
Ether / IP / TCP /  1 Rwalk 1 ["\x80\xb8'\xa5X\x1b\x99\x03\x00\x00\x00\x00\x00"]
Ether / IP / TCP /  1 Tstat
Ether / IP / TCP /  1 Rstat / Raw
Ether / IP / TCP /  1 Twalk 9 1 ['hello-world']
Ether / IP / TCP /  1 Rwalk 1 ["\x80.x\xc5X'\x99\x03\x00\x00\x00\x00\x00"]
Ether / IP / TCP /  1 Tstat
Ether / IP / TCP /  1 Rstat / Raw
Ether / IP / TCP /  1 Twalk 10 1 ['diff']
Ether / IP / TCP /  1 Rwalk 1 ['\x80\xe0\xda\x84X\xb3\x9a\x03\x00\x00\x00\x00\x00']
Ether / IP / TCP /  1 Tstat
Ether / IP / TCP /  1 Rstat / Raw
Ether / IP / TCP /  1 Tread / Raw
Ether / IP / TCP /  1 Rread / Raw
Ether / IP / TCP /  1 Tclunk
Ether / IP / TCP /  1 Rclunk
Ether / IP / TCP /  0 Twalk 11 0 []
Ether / IP / TCP /  0 Rwalk 0 []
Ether / IP / TCP /  0 Topen / Raw
Ether / IP / TCP /  0 Ropen 10000000.1488271900.00000000000000181589(80:1c:3a:b5:58:55:c5:02:00:00:00:00:00) 0
Ether / IP / TCP /  0 Tstat
Ether / IP / TCP /  0 Rstat / Raw
Ether / IP / TCP /  0 Twalk 1 1 ['..']
Ether / IP / TCP /  0 Rerror 'bad use of fid'
Ether / IP / TCP /  0 Tread / Raw
Ether / IP / TCP /  0 Rread / Raw
Ether / IP / TCP /  0 Tread / Raw
Ether / IP / TCP /  0 Rread / Raw
Ether / IP / TCP /  0 Tread / Raw
Ether / IP / TCP /  0 Rread / Raw
Ether / IP / TCP /  0 Tread / Raw
Ether / IP / TCP /  0 Rread / Raw
Ether / IP / TCP /  0 Tclunk
Ether / IP / TCP /  0 Rclunk
Ether / IP / TCP /  1 Twalk 1 0 []
Ether / IP / TCP /  1 Rwalk 0 []
Ether / IP / TCP /  1 Topen / Raw
Ether / IP / TCP /  1 Ropen 10000000.1488271900.00000000000000181589(80:1c:3a:b5:58:55:c5:02:00:00:00:00:00) 0
Ether / IP / TCP /  1 Tstat
Ether / IP / TCP /  1 Rstat / Raw
Ether / IP / TCP /  1 Twalk 11 1 ['..']
Ether / IP / TCP /  1 Rerror 'bad use of fid'
Ether / IP / TCP /  1 Tread / Raw
Ether / IP / TCP /  1 Rread / Raw
Ether / IP / TCP /  1 Tread / Raw
Ether / IP / TCP /  1 Rread / Raw
Ether / IP / TCP /  1 Tread / Raw
Ether / IP / TCP /  1 Rread / Raw
Ether / IP / TCP /  1 Tread / Raw
Ether / IP / TCP /  1 Rread / Raw
Ether / IP / TCP /  1 Tclunk
Ether / IP / TCP /  1 Rclunk
Ether / IP / TCP /  0 Twalk 11 0 []
Ether / IP / TCP /  0 Rwalk 0 []
Ether / IP / TCP /  0 Topen / Raw
Ether / IP / TCP /  0 Ropen 10000000.1488271900.00000000000000181589(80:1c:3a:b5:58:55:c5:02:00:00:00:00:00) 0
Ether / IP / TCP /  0 Tstat
Ether / IP / TCP /  0 Rstat / Raw
Ether / IP / TCP /  0 Twalk 1 1 ['..']
Ether / IP / TCP /  0 Rerror 'bad use of fid'
Ether / IP / TCP /  0 Tread / Raw
Ether / IP / TCP /  0 Rread / Raw
Ether / IP / TCP /  0 Tread / Raw
Ether / IP / TCP /  0 Rread / Raw
Ether / IP / TCP /  0 Tread / Raw
Ether / IP / TCP /  0 Rread / Raw
Ether / IP / TCP /  0 Tread / Raw
Ether / IP / TCP /  0 Rread / Raw
Ether / IP / TCP /  0 Tclunk
Ether / IP / TCP /  0 Rclunk
Ether / IP / TCP /  1 Twalk 1 0 []
Ether / IP / TCP /  1 Rwalk 0 []
Ether / IP / TCP /  1 Topen / Raw
Ether / IP / TCP /  1 Ropen 10000000.1488271900.00000000000000181589(80:1c:3a:b5:58:55:c5:02:00:00:00:00:00) 0
Ether / IP / TCP /  1 Tstat
Ether / IP / TCP /  1 Rstat / Raw
Ether / IP / TCP /  1 Twalk 11 1 ['..']
Ether / IP / TCP /  1 Rerror 'bad use of fid'
Ether / IP / TCP /  1 Tread / Raw
Ether / IP / TCP /  1 Rread / Raw
Ether / IP / TCP /  1 Tread / Raw
Ether / IP / TCP /  1 Rread / Raw
Ether / IP / TCP /  1 Tread / Raw
Ether / IP / TCP /  1 Rread / Raw
Ether / IP / TCP /  1 Tread / Raw
Ether / IP / TCP /  1 Rread / Raw
Ether / IP / TCP /  1 Tclunk
Ether / IP / TCP /  1 Rclunk
Ether / IP / TCP /  0 Twalk 11 0 []
Ether / IP / TCP /  0 Rwalk 0 []
Ether / IP / TCP /  0 Topen / Raw
Ether / IP / TCP /  0 Ropen 10000000.1488271900.00000000000000181589(80:1c:3a:b5:58:55:c5:02:00:00:00:00:00) 0
Ether / IP / TCP /  0 Tstat
Ether / IP / TCP /  0 Rstat / Raw
Ether / IP / TCP /  0 Twalk 1 1 ['..']
Ether / IP / TCP /  0 Rerror 'bad use of fid'
Ether / IP / TCP /  0 Tread / Raw
Ether / IP / TCP /  0 Rread / Raw
Ether / IP / TCP /  0 Tread / Raw
Ether / IP / TCP /  0 Rread / Raw
Ether / IP / TCP /  0 Tread / Raw
Ether / IP / TCP /  0 Rread / Raw
Ether / IP / TCP /  0 Tread / Raw
Ether / IP / TCP /  0 Rread / Raw
Ether / IP / TCP /  0 Tclunk
Ether / IP / TCP /  1 Twalk 1 0 []
Ether / IP / TCP /  0 Rclunk / Raw
Ether / IP / TCP /  1 Topen / Raw
Ether / IP / TCP /  1 Ropen 10000000.1488271900.00000000000000181589(80:1c:3a:b5:58:55:c5:02:00:00:00:00:00) 0
Ether / IP / TCP /  1 Tstat
Ether / IP / TCP /  1 Rstat / Raw
Ether / IP / TCP /  1 Twalk 11 1 ['..']
Ether / IP / TCP /  1 Rerror 'bad use of fid'
Ether / IP / TCP /  1 Tread / Raw
Ether / IP / TCP /  1 Rread / Raw
Ether / IP / TCP /  1 Tread / Raw
Ether / IP / TCP /  1 Rread / Raw
Ether / IP / TCP /  1 Tread / Raw
Ether / IP / TCP /  1 Rread / Raw
Ether / IP / TCP /  1 Tread / Raw
Ether / IP / TCP /  1 Rread / Raw
Ether / IP / TCP /  1 Tclunk
Ether / IP / TCP /  1 Rclunk
Ether / IP / TCP /  0 Twalk 11 0 []
Ether / IP / TCP /  0 Rwalk 0 []
Ether / IP / TCP /  0 Topen / Raw
Ether / IP / TCP /  0 Ropen 10000000.1488271900.00000000000000181589(80:1c:3a:b5:58:55:c5:02:00:00:00:00:00) 0
Ether / IP / TCP /  0 Tstat
Ether / IP / TCP /  0 Rstat / Raw
Ether / IP / TCP /  0 Twalk 1 1 ['..']
Ether / IP / TCP /  0 Rerror 'bad use of fid'
Ether / IP / TCP /  0 Tread / Raw
Ether / IP / TCP /  0 Rread / Raw
Ether / IP / TCP /  0 Tread / Raw
Ether / IP / TCP /  0 Rread / Raw
Ether / IP / TCP /  0 Tread / Raw
Ether / IP / TCP /  0 Rread / Raw
Ether / IP / TCP /  0 Tread / Raw
Ether / IP / TCP /  0 Rread / Raw
Ether / IP / TCP /  0 Tclunk
Ether / IP / TCP /  0 Rclunk
Ether / IP / TCP /  1 Twalk 1 0 []
Ether / IP / TCP /  1 Rwalk 0 []
Ether / IP / TCP /  1 Topen / Raw
Ether / IP / TCP /  1 Ropen 10000000.1488271900.00000000000000181589(80:1c:3a:b5:58:55:c5:02:00:00:00:00:00) 0
Ether / IP / TCP /  1 Tstat
Ether / IP / TCP /  1 Rstat / Raw
Ether / IP / TCP /  1 Twalk 11 1 ['..']
Ether / IP / TCP /  1 Rerror 'bad use of fid'
Ether / IP / TCP /  1 Tread / Raw
Ether / IP / TCP /  1 Rread / Raw
Ether / IP / TCP /  1 Tread / Raw
Ether / IP / TCP /  1 Rread / Raw
Ether / IP / TCP /  1 Tread / Raw
Ether / IP / TCP /  1 Rread / Raw
Ether / IP / TCP /  1 Tread / Raw
Ether / IP / TCP /  1 Rread / Raw
Ether / IP / TCP /  1 Tclunk
Ether / IP / TCP /  1 Rclunk
Ether / IP / TCP /  0 Twalk 11 0 []
Ether / IP / TCP /  0 Rwalk 0 []
Ether / IP / TCP /  0 Topen / Raw
Ether / IP / TCP /  0 Ropen 10000000.1488271900.00000000000000181589(80:1c:3a:b5:58:55:c5:02:00:00:00:00:00) 0
Ether / IP / TCP /  0 Tstat
Ether / IP / TCP /  0 Rstat / Raw
Ether / IP / TCP /  0 Twalk 1 1 ['..']
Ether / IP / TCP /  0 Rerror 'bad use of fid'
Ether / IP / TCP /  0 Tread / Raw
Ether / IP / TCP /  0 Rread / Raw
Ether / IP / TCP /  0 Tread / Raw
Ether / IP / TCP /  0 Rread / Raw
Ether / IP / TCP /  0 Tread / Raw
Ether / IP / TCP /  0 Rread / Raw
Ether / IP / TCP /  0 Tread / Raw
Ether / IP / TCP /  0 Rread / Raw
Ether / IP / TCP /  0 Tclunk
Ether / IP / TCP /  0 Rclunk
Ether / IP / TCP /  1 Twalk 1 0 []
Ether / IP / TCP /  1 Rwalk 0 []
Ether / IP / TCP /  1 Topen / Raw
Ether / IP / TCP /  1 Ropen 10000000.1488271900.00000000000000181589(80:1c:3a:b5:58:55:c5:02:00:00:00:00:00) 0
Ether / IP / TCP /  1 Tstat
Ether / IP / TCP /  1 Rstat / Raw
Ether / IP / TCP /  1 Twalk 11 1 ['..']
Ether / IP / TCP /  1 Rerror 'bad use of fid'
Ether / IP / TCP /  1 Tread / Raw
Ether / IP / TCP /  1 Rread / Raw
Ether / IP / TCP /  1 Tread / Raw
Ether / IP / TCP /  1 Rread / Raw
Ether / IP / TCP /  1 Tread / Raw
Ether / IP / TCP /  1 Rread / Raw
Ether / IP / TCP /  1 Tread / Raw
Ether / IP / TCP /  1 Rread / Raw
Ether / IP / TCP /  1 Tclunk
Ether / IP / TCP /  1 Rclunk
Ether / IP / TCP /  0 Twalk 11 0 []
Ether / IP / TCP /  0 Rwalk 0 []
Ether / IP / TCP /  0 Topen / Raw
Ether / IP / TCP /  0 Ropen 10000000.1488271900.00000000000000181589(80:1c:3a:b5:58:55:c5:02:00:00:00:00:00) 0
Ether / IP / TCP /  0 Tstat
Ether / IP / TCP /  0 Rstat / Raw
Ether / IP / TCP /  0 Twalk 1 1 ['..']
Ether / IP / TCP /  0 Rerror 'bad use of fid'
Ether / IP / TCP /  0 Tread / Raw
Ether / IP / TCP /  0 Rread / Raw
Ether / IP / TCP /  0 Tread / Raw
Ether / IP / TCP /  0 Rread / Raw
Ether / IP / TCP /  0 Tread / Raw
Ether / IP / TCP /  0 Rread / Raw
Ether / IP / TCP /  0 Tread / Raw
Ether / IP / TCP /  0 Rread / Raw
Ether / IP / TCP /  0 Tclunk
Ether / IP / TCP /  0 Rclunk
Ether / IP / TCP /  1 Twalk 1 0 []
Ether / IP / TCP /  1 Rwalk 0 []
Ether / IP / TCP /  1 Topen / Raw
Ether / IP / TCP /  1 Ropen 10000000.1488271900.00000000000000181589(80:1c:3a:b5:58:55:c5:02:00:00:00:00:00) 0
Ether / IP / TCP /  1 Tstat
Ether / IP / TCP /  1 Rstat / Raw
Ether / IP / TCP /  1 Twalk 11 1 ['..']
Ether / IP / TCP /  1 Rerror 'bad use of fid'
Ether / IP / TCP /  1 Tread / Raw
Ether / IP / TCP /  1 Rread / Raw
Ether / IP / TCP /  1 Tread / Raw
Ether / IP / TCP /  1 Rread / Raw
Ether / IP / TCP /  1 Tread / Raw
Ether / IP / TCP /  1 Rread / Raw
Ether / IP / TCP /  1 Tread / Raw
Ether / IP / TCP /  1 Rread / Raw
Ether / IP / TCP /  1 Tclunk
Ether / IP / TCP /  1 Rclunk
Ether / IP / TCP /  0 Twalk 11 0 []
Ether / IP / TCP /  0 Rwalk 0 []
Ether / IP / TCP /  0 Topen / Raw
Ether / IP / TCP /  0 Ropen 10000000.1488271900.00000000000000181589(80:1c:3a:b5:58:55:c5:02:00:00:00:00:00) 0
Ether / IP / TCP /  0 Tstat
Ether / IP / TCP /  0 Rstat / Raw
Ether / IP / TCP /  0 Twalk 1 1 ['..']
Ether / IP / TCP /  0 Rerror 'bad use of fid'
Ether / IP / TCP /  0 Tread / Raw
Ether / IP / TCP /  0 Rread / Raw
Ether / IP / TCP /  0 Tread / Raw
Ether / IP / TCP /  0 Rread / Raw
Ether / IP / TCP /  0 Tread / Raw
Ether / IP / TCP /  0 Rread / Raw
Ether / IP / TCP /  0 Tread / Raw
Ether / IP / TCP /  0 Rread / Raw
Ether / IP / TCP /  0 Tclunk
Ether / IP / TCP /  0 Rclunk
Ether / IP / TCP /  1 Twalk 1 0 []
Ether / IP / TCP /  1 Rwalk 0 []
Ether / IP / TCP /  1 Topen / Raw
Ether / IP / TCP /  1 Ropen 10000000.1488271900.00000000000000181589(80:1c:3a:b5:58:55:c5:02:00:00:00:00:00) 0
Ether / IP / TCP /  1 Tstat
Ether / IP / TCP /  1 Rstat / Raw
Ether / IP / TCP /  1 Twalk 11 1 ['..']
Ether / IP / TCP /  1 Rerror 'bad use of fid'
Ether / IP / TCP /  1 Tread / Raw
Ether / IP / TCP /  1 Rread / Raw
Ether / IP / TCP /  1 Tread / Raw
Ether / IP / TCP /  1 Rread / Raw
Ether / IP / TCP /  1 Tread / Raw
Ether / IP / TCP /  1 Rread / Raw
Ether / IP / TCP /  1 Tread / Raw
Ether / IP / TCP /  1 Rread / Raw
Ether / IP / TCP /  1 Tclunk
Ether / IP / TCP /  1 Rclunk
Ether / IP / TCP /  0 Twalk 11 0 []
Ether / IP / TCP /  0 Rwalk 0 []
Ether / IP / TCP /  0 Topen / Raw
Ether / IP / TCP /  0 Ropen 10000000.1488271900.00000000000000181589(80:1c:3a:b5:58:55:c5:02:00:00:00:00:00) 0
Ether / IP / TCP /  0 Tstat
Ether / IP / TCP /  0 Rstat / Raw
Ether / IP / TCP /  0 Twalk 1 1 ['..']
Ether / IP / TCP /  0 Rerror 'bad use of fid'
Ether / IP / TCP /  0 Tread / Raw
Ether / IP / TCP /  0 Rread / Raw
Ether / IP / TCP /  0 Tread / Raw
Ether / IP / TCP /  0 Rread / Raw
Ether / IP / TCP /  0 Tread / Raw
Ether / IP / TCP /  0 Rread / Raw
Ether / IP / TCP /  0 Tread / Raw
Ether / IP / TCP /  0 Rread / Raw
Ether / IP / TCP /  0 Tclunk
Ether / IP / TCP /  0 Rclunk
Ether / IP / TCP /  1 Twalk 1 0 []
Ether / IP / TCP /  1 Rwalk 0 []
Ether / IP / TCP /  1 Topen / Raw
Ether / IP / TCP /  1 Ropen 10000000.1488271900.00000000000000181589(80:1c:3a:b5:58:55:c5:02:00:00:00:00:00) 0
Ether / IP / TCP /  1 Tstat
Ether / IP / TCP /  1 Rstat / Raw
Ether / IP / TCP /  1 Twalk 11 1 ['..']
Ether / IP / TCP /  1 Rerror 'bad use of fid'
Ether / IP / TCP /  1 Tread / Raw
Ether / IP / TCP /  1 Rread / Raw
Ether / IP / TCP /  1 Tread / Raw
Ether / IP / TCP /  1 Rread / Raw
Ether / IP / TCP /  1 Tread / Raw
Ether / IP / TCP /  1 Rread / Raw
Ether / IP / TCP /  1 Tread / Raw
Ether / IP / TCP /  1 Rread / Raw
Ether / IP / TCP /  1 Tclunk
Ether / IP / TCP /  1 Rclunk
Ether / IP / TCP /  0 Twalk 11 0 []
Ether / IP / TCP /  0 Rwalk 0 []
Ether / IP / TCP /  0 Topen / Raw
Ether / IP / TCP /  0 Ropen 10000000.1488271900.00000000000000181589(80:1c:3a:b5:58:55:c5:02:00:00:00:00:00) 0
Ether / IP / TCP /  0 Tstat
Ether / IP / TCP /  0 Rstat / Raw
Ether / IP / TCP /  0 Twalk 1 1 ['..']
Ether / IP / TCP /  0 Rerror 'bad use of fid'
Ether / IP / TCP /  0 Tread / Raw
Ether / IP / TCP /  0 Rread / Raw
Ether / IP / TCP /  0 Tread / Raw
Ether / IP / TCP /  0 Rread / Raw
Ether / IP / TCP /  0 Tread / Raw
Ether / IP / TCP /  0 Rread / Raw
Ether / IP / TCP /  0 Tread / Raw
Ether / IP / TCP /  0 Rread / Raw
Ether / IP / TCP /  0 Tclunk
Ether / IP / TCP /  0 Rclunk
Ether / IP / TCP /  1 Twalk 1 0 []
Ether / IP / TCP /  1 Rwalk 0 []
Ether / IP / TCP /  1 Topen / Raw
Ether / IP / TCP /  1 Ropen 10000000.1488271900.00000000000000181589(80:1c:3a:b5:58:55:c5:02:00:00:00:00:00) 0
Ether / IP / TCP /  1 Tstat
Ether / IP / TCP /  1 Rstat / Raw
Ether / IP / TCP /  1 Twalk 11 1 ['..']
Ether / IP / TCP /  1 Rerror 'bad use of fid'
Ether / IP / TCP /  1 Tread / Raw
Ether / IP / TCP /  1 Rread / Raw
Ether / IP / TCP /  1 Tread / Raw
Ether / IP / TCP /  1 Rread / Raw
Ether / IP / TCP /  1 Tread / Raw
Ether / IP / TCP /  1 Rread / Raw
Ether / IP / TCP /  1 Tread / Raw
Ether / IP / TCP /  1 Rread / Raw
Ether / IP / TCP /  1 Tclunk
Ether / IP / TCP /  1 Rclunk
Ether / IP / TCP /  0 Twalk 11 0 []
Ether / IP / TCP /  0 Rwalk 0 []
Ether / IP / TCP /  0 Topen / Raw
Ether / IP / TCP /  0 Ropen 10000000.1488271900.00000000000000181589(80:1c:3a:b5:58:55:c5:02:00:00:00:00:00) 0
Ether / IP / TCP /  0 Tstat
Ether / IP / TCP /  0 Rstat / Raw
Ether / IP / TCP /  0 Twalk 1 1 ['..']
Ether / IP / TCP /  0 Rerror 'bad use of fid'
Ether / IP / TCP /  0 Tread / Raw
Ether / IP / TCP /  0 Rread / Raw
Ether / IP / TCP /  0 Tread / Raw
Ether / IP / TCP /  0 Rread / Raw
Ether / IP / TCP /  0 Tread / Raw
Ether / IP / TCP /  0 Rread / Raw
Ether / IP / TCP /  0 Tread / Raw
Ether / IP / TCP /  0 Rread / Raw
Ether / IP / TCP /  0 Tclunk
Ether / IP / TCP /  0 Rclunk
Ether / IP / TCP /  1 Twalk 1 0 []
Ether / IP / TCP /  1 Rwalk 0 []
Ether / IP / TCP /  1 Topen / Raw
Ether / IP / TCP /  1 Ropen 10000000.1488271900.00000000000000181589(80:1c:3a:b5:58:55:c5:02:00:00:00:00:00) 0
Ether / IP / TCP /  1 Tstat
Ether / IP / TCP /  1 Rstat / Raw
Ether / IP / TCP /  1 Twalk 11 1 ['..']
Ether / IP / TCP /  1 Rerror 'bad use of fid'
Ether / IP / TCP /  1 Tread / Raw
Ether / IP / TCP /  1 Rread / Raw
Ether / IP / TCP /  1 Tread / Raw
Ether / IP / TCP /  1 Rread / Raw
Ether / IP / TCP /  1 Tread / Raw
Ether / IP / TCP /  1 Rread / Raw
Ether / IP / TCP /  1 Tread / Raw
Ether / IP / TCP /  1 Rread / Raw
Ether / IP / TCP /  1 Tclunk
Ether / IP / TCP /  1 Rclunk
Ether / IP / TCP /  0 Twalk 11 0 []
Ether / IP / TCP /  0 Rwalk 0 []
Ether / IP / TCP /  0 Topen / Raw
Ether / IP / TCP /  0 Ropen 10000000.1488271900.00000000000000181589(80:1c:3a:b5:58:55:c5:02:00:00:00:00:00) 0
Ether / IP / TCP /  0 Tstat
Ether / IP / TCP /  0 Rstat / Raw
Ether / IP / TCP /  0 Twalk 1 1 ['..']
Ether / IP / TCP /  0 Rerror 'bad use of fid'
Ether / IP / TCP /  0 Tread / Raw
Ether / IP / TCP /  0 Rread / Raw
Ether / IP / TCP /  0 Tread / Raw
Ether / IP / TCP /  0 Rread / Raw
Ether / IP / TCP /  0 Tread / Raw
Ether / IP / TCP /  0 Rread / Raw
Ether / IP / TCP /  0 Tread / Raw
Ether / IP / TCP /  0 Rread / Raw
Ether / IP / TCP /  0 Tclunk
Ether / IP / TCP /  1 Twalk 1 0 []
Ether / IP / TCP /  0 Rclunk
Ether / IP / TCP /  1 Rwalk 0 []
Ether / IP / TCP /  1 Topen / Raw
Ether / IP / TCP /  1 Ropen 10000000.1488271900.00000000000000181589(80:1c:3a:b5:58:55:c5:02:00:00:00:00:00) 0
Ether / IP / TCP /  1 Tstat
Ether / IP / TCP /  1 Rstat / Raw
Ether / IP / TCP /  1 Twalk 11 1 ['..']
Ether / IP / TCP /  1 Rerror 'bad use of fid'
Ether / IP / TCP /  1 Tread / Raw
Ether / IP / TCP /  1 Rread / Raw
Ether / IP / TCP /  1 Tread / Raw
Ether / IP / TCP /  1 Rread / Raw
Ether / IP / TCP /  1 Tread / Raw
Ether / IP / TCP /  1 Rread / Raw
Ether / IP / TCP /  1 Tread / Raw
Ether / IP / TCP /  1 Rread / Raw
Ether / IP / TCP /  1 Tclunk
Ether / IP / TCP /  1 Rclunk
Ether / IP / TCP /  0 Twalk 11 1 ['autorun.inf']
Ether / IP / TCP /  0 Rerror 'No such file or directory'
Ether / IP / TCP /  0 Tstat
Ether / IP / TCP /  0 Rstat / Raw
Ether / IP / TCP /  0 Twalk 11 0 []
Ether / IP / TCP /  0 Rwalk 0 []
Ether / IP / TCP /  0 Topen / Raw
Ether / IP / TCP /  0 Ropen 10000000.1488271900.00000000000000181589(80:1c:3a:b5:58:55:c5:02:00:00:00:00:00) 0
Ether / IP / TCP /  0 Tclunk
Ether / IP / TCP /  0 Rclunk
Ether / IP / TCP /  0 Tstat
Ether / IP / TCP /  0 Rstat / Raw
Ether / IP / TCP /  0 Twalk 11 1 ['hello-world']
Ether / IP / TCP /  0 Rwalk 1 ["\x80.x\xc5X'\x99\x03\x00\x00\x00\x00\x00"]
Ether / IP / TCP /  0 Tstat
Ether / IP / TCP /  0 Rstat / Raw
Ether / IP / TCP /  0 Tclunk
Ether / IP / TCP /  0 Rclunk
Ether / IP / TCP /  0 Tclunk
Ether / IP / TCP /  0 Rclunk
Ether / IP / TCP /  0 Twalk 9 1 ['hello-world']
Ether / IP / TCP /  0 Rwalk 1 ["\x80.x\xc5X'\x99\x03\x00\x00\x00\x00\x00"]
Ether / IP / TCP /  0 Tstat
Ether / IP / TCP /  0 Rstat / Raw
Ether / IP / TCP /  0 Twalk 11 1 ['hi']
Ether / IP / TCP /  0 Rwalk 1 ['\x80:x\xc5XC\x99\x03\x00\x00\x00\x00\x00']
Ether / IP / TCP /  0 Tstat
Ether / IP / TCP /  0 Rstat / Raw
Ether / IP / TCP /  0 Twalk 1 1 ['sun']
Ether / IP / TCP /  0 Rwalk 1 ['\x80\x98x\xc5XB\x99\x03\x00\x00\x00\x00\x00']
Ether / IP / TCP /  0 Tstat
Ether / IP / TCP /  0 Rstat / Raw
Ether / IP / TCP /  0 Twalk 12 1 ['777']
Ether / IP / TCP /  0 Rerror 'No such file or directory'
Ether / IP / TCP /  0 Twalk 12 1 ['hello-world']
Ether / IP / TCP /  0 Rwalk 1 ["\x80.x\xc5X'\x99\x03\x00\x00\x00\x00\x00"]
Ether / IP / TCP /  0 Tstat
Ether / IP / TCP /  0 Rstat / Raw
Ether / IP / TCP /  0 Tclunk
Ether / IP / TCP /  0 Rclunk
Ether / IP / TCP /  0 Tclunk
Ether / IP / TCP /  0 Rclunk
Ether / IP / TCP /  0 Twalk 1 1 ['hello-world']
Ether / IP / TCP /  0 Rwalk 1 ["\x80.x\xc5X'\x99\x03\x00\x00\x00\x00\x00"]
Ether / IP / TCP /  1 Tclunk
Ether / IP / TCP /  1 Rclunk
Ether / IP / TCP /  0 Tstat
Ether / IP / TCP /  0 Rstat / Raw
Ether / IP / TCP /  1 Tclunk
Ether / IP / TCP /  1 Rclunk
Ether / IP / TCP /  1 Twalk 9 1 ['hi']
Ether / IP / TCP /  1 Rwalk 1 ['\x80:x\xc5XC\x99\x03\x00\x00\x00\x00\x00']
Ether / IP / TCP /  1 Tstat
Ether / IP / TCP /  1 Rstat / Raw
Ether / IP / TCP /  1 Twalk 11 1 ['sun']
Ether / IP / TCP /  1 Rwalk 1 ['\x80\x98x\xc5XB\x99\x03\x00\x00\x00\x00\x00']
Ether / IP / TCP /  1 Tstat
Ether / IP / TCP /  1 Rstat / Raw
Ether / IP / TCP /  1 Twalk 12 1 ['777.txt']
Ether / IP / TCP /  1 Rwalk 1 ['\x00\x98|\xd5X^I\x02\x00\x00\x00\x00\x00']
Ether / IP / TCP /  1 Tstat
Ether / IP / TCP /  1 Rstat / Raw
Ether / IP / TCP /  1 Twalk 13 0 []
Ether / IP / TCP /  1 Rwalk 0 []
Ether / IP / TCP /  1 Topen / Raw
Ether / IP / TCP /  1 Ropen 00000000.1490386072.00000000000000149854(00:98:7c:d5:58:5e:49:02:00:00:00:00:00) 0
Ether / IP / TCP /  1 Tread / Raw
Ether / IP / TCP /  1 Rread / Raw
Ether / IP / TCP /  1 Tread / Raw
Ether / IP / TCP /  1 Rread / Raw
Ether / IP / TCP /  1 Tclunk
Ether / IP / TCP /  1 Rclunk
Ether / IP / TCP /  1 Tstat
Ether / IP / TCP /  1 Rstat / Raw
