Ether / IP / TCP / 65535 Tversion '9P2000'
Ether / IP / TCP / 65535 Rversion '9P2000'
Ether / IP / TCP /  0 Tattach 'chrx'
Ether / IP / TCP /  0 Rattach (DIR,1488271900,181589)
Ether / IP / TCP /  0 Twalk 1 0 []
Ether / IP / TCP /  0 Rwalk 0 []
Ether / IP / TCP /  0 Topen / Raw
Ether / IP / TCP /  0 Ropen (DIR,1488271900,181589) 0
Ether / IP / TCP /  1 Twalk 2 1 ['.xdg-volume-info']
Ether / IP / TCP /  1 Rerror 'No such file or directory'
Ether / IP / TCP /  0 Tstat
Ether / IP / TCP /  0 Rstat '7\x00\x00\x00\x00\x00\x00\x00\x80\x1c:\xb5XU\xc5\x02\x00\x00\x00\x00\x00\xfd\x01\x00\x80\x1dx\xd5X\x1c:\xb5X\x00\x00\x00\x00\x00\x00\x00\x00\x00\x00\x04\x00chrx\x04\x00chrx\x00\x00'
Ether / IP / TCP /  1 Twalk 2 1 ['autorun.inf']
Ether / IP / TCP /  1 Rerror 'No such file or directory'
Ether / IP / TCP /  1 Twalk 2 1 ['..']
Ether / IP / TCP /  1 Rerror 'bad use of fid'
Ether / IP / TCP /  1 Tread / Raw
Ether / IP / TCP /  1 Rread / Raw
Ether / IP / TCP /  1 Tread / Raw
Ether / IP / TCP /  1 Rread / Raw
Ether / IP / TCP /  1 Tread / Raw
Ether / IP / TCP /  1 Rread / Raw
Ether / IP / TCP /  1 Twalk 2 1 ['dejavu.tgz']
Ether / IP / TCP /  1 Rwalk 1 [(FILE,361145924,137095)]
Ether / IP / TCP /  1 Tstat
Ether / IP / TCP /  1 Rstat 'A\x00\x00\x00\x00\x00\x00\x00\x00D\xa6\x86\x15\x87\x17\x02\x00\x00\x00\x00\x00\xb4\x01\x00\x00\xe6\xe9\x90XD\x17TX\xb1\xd2M\x00\x00\x00\x00\x00\n\x00dejavu.tgz\x04\x00chrx\x04\x00chrx\x00\x00'
Ether / IP / TCP /  1 Twalk 3 1 ['tcp.cap']
Ether / IP / TCP /  1 Rwalk 1 [(FILE,1488323023,145590)]
Ether / IP / TCP /  1 Tstat
Ether / IP / TCP /  1 Rstat ">\x00\x00\x00\x00\x00\x00\x00\x00\xcf\x01\xb6X\xb68\x02\x00\x00\x00\x00\x00\xa4\x01\x00\x00\xb8'\xb5X\xcfc\xb1Xb\x07\x00\x00\x00\x00\x00\x00\x07\x00tcp.cap\x04\x00root\x04\x00root\x00\x00"
Ether / IP / TCP /  1 Twalk 4 1 ['conf.tgz']
Ether / IP / TCP /  1 Rwalk 1 [(FILE,1482861318,148609)]
Ether / IP / TCP /  1 Tstat
Ether / IP / TCP /  1 Rstat "?\x00\x00\x00\x00\x00\x00\x00\x00\x06\xabbX\x81D\x02\x00\x00\x00\x00\x00\xb4\x01\x00\x00\xe6\xe9\x90X\x06\x8cvX'\x14\x00\x00\x00\x00\x00\x00\x08\x00conf.tgz\x04\x00chrx\x04\x00chrx\x00\x00"
Ether / IP / TCP /  1 Twalk 5 1 ['DejaVu Sans Mono']
Ether / IP / TCP /  1 Rwalk 1 [(DIR,1480857343,162777)]
Ether / IP / TCP /  1 Tstat
Ether / IP / TCP /  1 Rstat 'G\x00\x00\x00\x00\x00\x00\x00\x80\xff\x16TX\xd9{\x02\x00\x00\x00\x00\x00m\x01\x00\x80c\xf7\xc2X\xff\x16TX\x00\x00\x00\x00\x00\x00\x00\x00\x10\x00DejaVu Sans Mono\x04\x00chrx\x04\x00chrx\x00\x00'
Ether / IP / TCP /  1 Twalk 6 1 ['report.xml']
Ether / IP / TCP /  1 Rwalk 1 [(FILE,1484920415,181349)]
Ether / IP / TCP /  1 Tstat
Ether / IP / TCP /  1 Rstat 'A\x00\x00\x00\x00\x00\x00\x00\x00_\x16\x82Xe\xc4\x02\x00\x00\x00\x00\x00\xa4\x01\x00\x00O&\x9aX_&\x9aX0\x18\x00\x00\x00\x00\x00\x00\n\x00report.xml\x04\x00root\x04\x00root\x00\x00'
Ether / IP / TCP /  1 Twalk 7 1 ['fuse.txt']
Ether / IP / TCP /  1 Rwalk 1 [(FILE,1491609955,183092)]
Ether / IP / TCP /  1 Tstat
Ether / IP / TCP /  1 Rstat '?\x00\x00\x00\x00\x00\x00\x00\x00c)\xe8X4\xcb\x02\x00\x00\x00\x00\x00\xb4\x01\x00\x00%-\xb5Xc$XX\r\xb0\x00\x00\x00\x00\x00\x00\x08\x00fuse.txt\x04\x00chrx\x04\x00chrx\x00\x00'
Ether / IP / TCP /  1 Twalk 8 1 ['tf']
Ether / IP / TCP /  1 Rwalk 1 [(DIR,1487218616,235803)]
Ether / IP / TCP /  1 Tstat
Ether / IP / TCP /  1 Rstat "9\x00\x00\x00\x00\x00\x00\x00\x80\xb8'\xb5X\x1b\x99\x03\x00\x00\x00\x00\x00\xfd\x01\x00\x80c\xf7\xc2X\xb8'\xb5X\x00\x00\x00\x00\x00\x00\x00\x00\x02\x00tf\x04\x00chrx\x04\x00chrx\x00\x00"
Ether / IP / TCP /  1 Twalk 9 1 ['hello-world']
Ether / IP / TCP /  1 Rwalk 1 [(DIR,1489336366,235815)]
Ether / IP / TCP /  1 Tstat
Ether / IP / TCP /  1 Rstat "B\x00\x00\x00\x00\x00\x00\x00\x80.x\xd5X'\x99\x03\x00\x00\x00\x00\x00\xfd\x01\x00\x80yx\xd5X.x\xd5X\x00\x00\x00\x00\x00\x00\x00\x00\x0b\x00hello-world\x04\x00chrx\x04\x00chrx\x00\x00"
Ether / IP / TCP /  1 Twalk 10 1 ['diff']
Ether / IP / TCP /  1 Rwalk 1 [(DIR,1485101792,236211)]
Ether / IP / TCP /  1 Tstat
Ether / IP / TCP /  1 Rstat ';\x00\x00\x00\x00\x00\x00\x00\x80\xe0\xda\x94X\xb3\x9a\x03\x00\x00\x00\x00\x00\xfd\x01\x00\x80#x\xd5X\xe0\xda\x94X\x00\x00\x00\x00\x00\x00\x00\x00\x04\x00diff\x04\x00chrx\x04\x00chrx\x00\x00'
Ether / IP / TCP /  1 Tread / Raw
Ether / IP / TCP /  1 Rread / Raw
Ether / IP / TCP /  1 Tclunk
Ether / IP / TCP /  1 Rclunk
Ether / IP / TCP /  0 Twalk 11 0 []
Ether / IP / TCP /  0 Rwalk 0 []
Ether / IP / TCP /  0 Topen / Raw
Ether / IP / TCP /  0 Ropen (DIR,1488271900,181589) 0
Ether / IP / TCP /  0 Tstat
Ether / IP / TCP /  0 Rstat '7\x00\x00\x00\x00\x00\x00\x00\x80\x1c:\xb5XU\xc5\x02\x00\x00\x00\x00\x00\xfd\x01\x00\x80\x1dx\xd5X\x1c:\xb5X\x00\x00\x00\x00\x00\x00\x00\x00\x00\x00\x04\x00chrx\x04\x00chrx\x00\x00'
Ether / IP / TCP /  0 Twalk 1 1 ['..']
Ether / IP / TCP /  0 Rerror 'bad use of fid'
Ether / IP / TCP /  0 Tread / Raw
Ether / IP / TCP /  0 Rread / Raw
Ether / IP / TCP /  0 Tread / Raw
Ether / IP / TCP /  0 Rread / Raw
Ether / IP / TCP /  0 Tread / Raw
Ether / IP / TCP /  0 Rread / Raw
Ether / IP / TCP /  0 Tread / Raw
Ether / IP / TCP /  0 Rread / Raw
Ether / IP / TCP /  0 Tclunk
Ether / IP / TCP /  0 Rclunk
Ether / IP / TCP /  1 Twalk 1 0 []
Ether / IP / TCP /  1 Rwalk 0 []
Ether / IP / TCP /  1 Topen / Raw
Ether / IP / TCP /  1 Ropen (DIR,1488271900,181589) 0
Ether / IP / TCP /  1 Tstat
Ether / IP / TCP /  1 Rstat '7\x00\x00\x00\x00\x00\x00\x00\x80\x1c:\xb5XU\xc5\x02\x00\x00\x00\x00\x00\xfd\x01\x00\x80\x1dx\xd5X\x1c:\xb5X\x00\x00\x00\x00\x00\x00\x00\x00\x00\x00\x04\x00chrx\x04\x00chrx\x00\x00'
Ether / IP / TCP /  1 Twalk 11 1 ['..']
Ether / IP / TCP /  1 Rerror 'bad use of fid'
Ether / IP / TCP /  1 Tread / Raw
Ether / IP / TCP /  1 Rread / Raw
Ether / IP / TCP /  1 Tread / Raw
Ether / IP / TCP /  1 Rread / Raw
Ether / IP / TCP /  1 Tread / Raw
Ether / IP / TCP /  1 Rread / Raw
Ether / IP / TCP /  1 Tread / Raw
Ether / IP / TCP /  1 Rread / Raw
Ether / IP / TCP /  1 Tclunk
Ether / IP / TCP /  1 Rclunk
Ether / IP / TCP /  0 Twalk 11 0 []
Ether / IP / TCP /  0 Rwalk 0 []
Ether / IP / TCP /  0 Topen / Raw
Ether / IP / TCP /  0 Ropen (DIR,1488271900,181589) 0
Ether / IP / TCP /  0 Tstat
Ether / IP / TCP /  0 Rstat '7\x00\x00\x00\x00\x00\x00\x00\x80\x1c:\xb5XU\xc5\x02\x00\x00\x00\x00\x00\xfd\x01\x00\x80\x1dx\xd5X\x1c:\xb5X\x00\x00\x00\x00\x00\x00\x00\x00\x00\x00\x04\x00chrx\x04\x00chrx\x00\x00'
Ether / IP / TCP /  0 Twalk 1 1 ['..']
Ether / IP / TCP /  0 Rerror 'bad use of fid'
Ether / IP / TCP /  0 Tread / Raw
Ether / IP / TCP /  0 Rread / Raw
Ether / IP / TCP /  0 Tread / Raw
Ether / IP / TCP /  0 Rread / Raw
Ether / IP / TCP /  0 Tread / Raw
Ether / IP / TCP /  0 Rread / Raw
Ether / IP / TCP /  0 Tread / Raw
Ether / IP / TCP /  0 Rread / Raw
Ether / IP / TCP /  0 Tclunk
Ether / IP / TCP /  0 Rclunk
Ether / IP / TCP /  1 Twalk 1 0 []
Ether / IP / TCP /  1 Rwalk 0 []
Ether / IP / TCP /  1 Topen / Raw
Ether / IP / TCP /  1 Ropen (DIR,1488271900,181589) 0
Ether / IP / TCP /  1 Tstat
Ether / IP / TCP /  1 Rstat '7\x00\x00\x00\x00\x00\x00\x00\x80\x1c:\xb5XU\xc5\x02\x00\x00\x00\x00\x00\xfd\x01\x00\x80\x1dx\xd5X\x1c:\xb5X\x00\x00\x00\x00\x00\x00\x00\x00\x00\x00\x04\x00chrx\x04\x00chrx\x00\x00'
Ether / IP / TCP /  1 Twalk 11 1 ['..']
Ether / IP / TCP /  1 Rerror 'bad use of fid'
Ether / IP / TCP /  1 Tread / Raw
Ether / IP / TCP /  1 Rread / Raw
Ether / IP / TCP /  1 Tread / Raw
Ether / IP / TCP /  1 Rread / Raw
Ether / IP / TCP /  1 Tread / Raw
Ether / IP / TCP /  1 Rread / Raw
Ether / IP / TCP /  1 Tread / Raw
Ether / IP / TCP /  1 Rread / Raw
Ether / IP / TCP /  1 Tclunk
Ether / IP / TCP /  1 Rclunk
Ether / IP / TCP /  0 Twalk 11 0 []
Ether / IP / TCP /  0 Rwalk 0 []
Ether / IP / TCP /  0 Topen / Raw
Ether / IP / TCP /  0 Ropen (DIR,1488271900,181589) 0
Ether / IP / TCP /  0 Tstat
Ether / IP / TCP /  0 Rstat '7\x00\x00\x00\x00\x00\x00\x00\x80\x1c:\xb5XU\xc5\x02\x00\x00\x00\x00\x00\xfd\x01\x00\x80\x1dx\xd5X\x1c:\xb5X\x00\x00\x00\x00\x00\x00\x00\x00\x00\x00\x04\x00chrx\x04\x00chrx\x00\x00'
Ether / IP / TCP /  0 Twalk 1 1 ['..']
Ether / IP / TCP /  0 Rerror 'bad use of fid'
Ether / IP / TCP /  0 Tread / Raw
Ether / IP / TCP /  0 Rread / Raw
Ether / IP / TCP /  0 Tread / Raw
Ether / IP / TCP /  0 Rread / Raw
Ether / IP / TCP /  0 Tread / Raw
Ether / IP / TCP /  0 Rread / Raw
Ether / IP / TCP /  0 Tread / Raw
Ether / IP / TCP /  0 Rread / Raw
Ether / IP / TCP /  0 Tclunk
Ether / IP / TCP /  1 Twalk 1 0 []
Ether / IP / TCP /  0 Rclunk / Raw
Ether / IP / TCP /  1 Topen / Raw
Ether / IP / TCP /  1 Ropen (DIR,1488271900,181589) 0
Ether / IP / TCP /  1 Tstat
Ether / IP / TCP /  1 Rstat '7\x00\x00\x00\x00\x00\x00\x00\x80\x1c:\xb5XU\xc5\x02\x00\x00\x00\x00\x00\xfd\x01\x00\x80\x1dx\xd5X\x1c:\xb5X\x00\x00\x00\x00\x00\x00\x00\x00\x00\x00\x04\x00chrx\x04\x00chrx\x00\x00'
Ether / IP / TCP /  1 Twalk 11 1 ['..']
Ether / IP / TCP /  1 Rerror 'bad use of fid'
Ether / IP / TCP /  1 Tread / Raw
Ether / IP / TCP /  1 Rread / Raw
Ether / IP / TCP /  1 Tread / Raw
Ether / IP / TCP /  1 Rread / Raw
Ether / IP / TCP /  1 Tread / Raw
Ether / IP / TCP /  1 Rread / Raw
Ether / IP / TCP /  1 Tread / Raw
Ether / IP / TCP /  1 Rread / Raw
Ether / IP / TCP /  1 Tclunk
Ether / IP / TCP /  1 Rclunk
Ether / IP / TCP /  0 Twalk 11 0 []
Ether / IP / TCP /  0 Rwalk 0 []
Ether / IP / TCP /  0 Topen / Raw
Ether / IP / TCP /  0 Ropen (DIR,1488271900,181589) 0
Ether / IP / TCP /  0 Tstat
Ether / IP / TCP /  0 Rstat '7\x00\x00\x00\x00\x00\x00\x00\x80\x1c:\xb5XU\xc5\x02\x00\x00\x00\x00\x00\xfd\x01\x00\x80\x1dx\xd5X\x1c:\xb5X\x00\x00\x00\x00\x00\x00\x00\x00\x00\x00\x04\x00chrx\x04\x00chrx\x00\x00'
Ether / IP / TCP /  0 Twalk 1 1 ['..']
Ether / IP / TCP /  0 Rerror 'bad use of fid'
Ether / IP / TCP /  0 Tread / Raw
Ether / IP / TCP /  0 Rread / Raw
Ether / IP / TCP /  0 Tread / Raw
Ether / IP / TCP /  0 Rread / Raw
Ether / IP / TCP /  0 Tread / Raw
Ether / IP / TCP /  0 Rread / Raw
Ether / IP / TCP /  0 Tread / Raw
Ether / IP / TCP /  0 Rread / Raw
Ether / IP / TCP /  0 Tclunk
Ether / IP / TCP /  0 Rclunk
Ether / IP / TCP /  1 Twalk 1 0 []
Ether / IP / TCP /  1 Rwalk 0 []
Ether / IP / TCP /  1 Topen / Raw
Ether / IP / TCP /  1 Ropen (DIR,1488271900,181589) 0
Ether / IP / TCP /  1 Tstat
Ether / IP / TCP /  1 Rstat '7\x00\x00\x00\x00\x00\x00\x00\x80\x1c:\xb5XU\xc5\x02\x00\x00\x00\x00\x00\xfd\x01\x00\x80\x1dx\xd5X\x1c:\xb5X\x00\x00\x00\x00\x00\x00\x00\x00\x00\x00\x04\x00chrx\x04\x00chrx\x00\x00'
Ether / IP / TCP /  1 Twalk 11 1 ['..']
Ether / IP / TCP /  1 Rerror 'bad use of fid'
Ether / IP / TCP /  1 Tread / Raw
Ether / IP / TCP /  1 Rread / Raw
Ether / IP / TCP /  1 Tread / Raw
Ether / IP / TCP /  1 Rread / Raw
Ether / IP / TCP /  1 Tread / Raw
Ether / IP / TCP /  1 Rread / Raw
Ether / IP / TCP /  1 Tread / Raw
Ether / IP / TCP /  1 Rread / Raw
Ether / IP / TCP /  1 Tclunk
Ether / IP / TCP /  1 Rclunk
Ether / IP / TCP /  0 Twalk 11 0 []
Ether / IP / TCP /  0 Rwalk 0 []
Ether / IP / TCP /  0 Topen / Raw
Ether / IP / TCP /  0 Ropen (DIR,1488271900,181589) 0
Ether / IP / TCP /  0 Tstat
Ether / IP / TCP /  0 Rstat '7\x00\x00\x00\x00\x00\x00\x00\x80\x1c:\xb5XU\xc5\x02\x00\x00\x00\x00\x00\xfd\x01\x00\x80\x1dx\xd5X\x1c:\xb5X\x00\x00\x00\x00\x00\x00\x00\x00\x00\x00\x04\x00chrx\x04\x00chrx\x00\x00'
Ether / IP / TCP /  0 Twalk 1 1 ['..']
Ether / IP / TCP /  0 Rerror 'bad use of fid'
Ether / IP / TCP /  0 Tread / Raw
Ether / IP / TCP /  0 Rread / Raw
Ether / IP / TCP /  0 Tread / Raw
Ether / IP / TCP /  0 Rread / Raw
Ether / IP / TCP /  0 Tread / Raw
Ether / IP / TCP /  0 Rread / Raw
Ether / IP / TCP /  0 Tread / Raw
Ether / IP / TCP /  0 Rread / Raw
Ether / IP / TCP /  0 Tclunk
Ether / IP / TCP /  0 Rclunk
Ether / IP / TCP /  1 Twalk 1 0 []
Ether / IP / TCP /  1 Rwalk 0 []
Ether / IP / TCP /  1 Topen / Raw
Ether / IP / TCP /  1 Ropen (DIR,1488271900,181589) 0
Ether / IP / TCP /  1 Tstat
Ether / IP / TCP /  1 Rstat '7\x00\x00\x00\x00\x00\x00\x00\x80\x1c:\xb5XU\xc5\x02\x00\x00\x00\x00\x00\xfd\x01\x00\x80\x1dx\xd5X\x1c:\xb5X\x00\x00\x00\x00\x00\x00\x00\x00\x00\x00\x04\x00chrx\x04\x00chrx\x00\x00'
Ether / IP / TCP /  1 Twalk 11 1 ['..']
Ether / IP / TCP /  1 Rerror 'bad use of fid'
Ether / IP / TCP /  1 Tread / Raw
Ether / IP / TCP /  1 Rread / Raw
Ether / IP / TCP /  1 Tread / Raw
Ether / IP / TCP /  1 Rread / Raw
Ether / IP / TCP /  1 Tread / Raw
Ether / IP / TCP /  1 Rread / Raw
Ether / IP / TCP /  1 Tread / Raw
Ether / IP / TCP /  1 Rread / Raw
Ether / IP / TCP /  1 Tclunk
Ether / IP / TCP /  1 Rclunk
Ether / IP / TCP /  0 Twalk 11 0 []
Ether / IP / TCP /  0 Rwalk 0 []
Ether / IP / TCP /  0 Topen / Raw
Ether / IP / TCP /  0 Ropen (DIR,1488271900,181589) 0
Ether / IP / TCP /  0 Tstat
Ether / IP / TCP /  0 Rstat '7\x00\x00\x00\x00\x00\x00\x00\x80\x1c:\xb5XU\xc5\x02\x00\x00\x00\x00\x00\xfd\x01\x00\x80\x1dx\xd5X\x1c:\xb5X\x00\x00\x00\x00\x00\x00\x00\x00\x00\x00\x04\x00chrx\x04\x00chrx\x00\x00'
Ether / IP / TCP /  0 Twalk 1 1 ['..']
Ether / IP / TCP /  0 Rerror 'bad use of fid'
Ether / IP / TCP /  0 Tread / Raw
Ether / IP / TCP /  0 Rread / Raw
Ether / IP / TCP /  0 Tread / Raw
Ether / IP / TCP /  0 Rread / Raw
Ether / IP / TCP /  0 Tread / Raw
Ether / IP / TCP /  0 Rread / Raw
Ether / IP / TCP /  0 Tread / Raw
Ether / IP / TCP /  0 Rread / Raw
Ether / IP / TCP /  0 Tclunk
Ether / IP / TCP /  0 Rclunk
Ether / IP / TCP /  1 Twalk 1 0 []
Ether / IP / TCP /  1 Rwalk 0 []
Ether / IP / TCP /  1 Topen / Raw
Ether / IP / TCP /  1 Ropen (DIR,1488271900,181589) 0
Ether / IP / TCP /  1 Tstat
Ether / IP / TCP /  1 Rstat '7\x00\x00\x00\x00\x00\x00\x00\x80\x1c:\xb5XU\xc5\x02\x00\x00\x00\x00\x00\xfd\x01\x00\x80\x1dx\xd5X\x1c:\xb5X\x00\x00\x00\x00\x00\x00\x00\x00\x00\x00\x04\x00chrx\x04\x00chrx\x00\x00'
Ether / IP / TCP /  1 Twalk 11 1 ['..']
Ether / IP / TCP /  1 Rerror 'bad use of fid'
Ether / IP / TCP /  1 Tread / Raw
Ether / IP / TCP /  1 Rread / Raw
Ether / IP / TCP /  1 Tread / Raw
Ether / IP / TCP /  1 Rread / Raw
Ether / IP / TCP /  1 Tread / Raw
Ether / IP / TCP /  1 Rread / Raw
Ether / IP / TCP /  1 Tread / Raw
Ether / IP / TCP /  1 Rread / Raw
Ether / IP / TCP /  1 Tclunk
Ether / IP / TCP /  1 Rclunk
Ether / IP / TCP /  0 Twalk 11 0 []
Ether / IP / TCP /  0 Rwalk 0 []
Ether / IP / TCP /  0 Topen / Raw
Ether / IP / TCP /  0 Ropen (DIR,1488271900,181589) 0
Ether / IP / TCP /  0 Tstat
Ether / IP / TCP /  0 Rstat '7\x00\x00\x00\x00\x00\x00\x00\x80\x1c:\xb5XU\xc5\x02\x00\x00\x00\x00\x00\xfd\x01\x00\x80\x1dx\xd5X\x1c:\xb5X\x00\x00\x00\x00\x00\x00\x00\x00\x00\x00\x04\x00chrx\x04\x00chrx\x00\x00'
Ether / IP / TCP /  0 Twalk 1 1 ['..']
Ether / IP / TCP /  0 Rerror 'bad use of fid'
Ether / IP / TCP /  0 Tread / Raw
Ether / IP / TCP /  0 Rread / Raw
Ether / IP / TCP /  0 Tread / Raw
Ether / IP / TCP /  0 Rread / Raw
Ether / IP / TCP /  0 Tread / Raw
Ether / IP / TCP /  0 Rread / Raw
Ether / IP / TCP /  0 Tread / Raw
Ether / IP / TCP /  0 Rread / Raw
Ether / IP / TCP /  0 Tclunk
Ether / IP / TCP /  0 Rclunk
Ether / IP / TCP /  1 Twalk 1 0 []
Ether / IP / TCP /  1 Rwalk 0 []
Ether / IP / TCP /  1 Topen / Raw
Ether / IP / TCP /  1 Ropen (DIR,1488271900,181589) 0
Ether / IP / TCP /  1 Tstat
Ether / IP / TCP /  1 Rstat '7\x00\x00\x00\x00\x00\x00\x00\x80\x1c:\xb5XU\xc5\x02\x00\x00\x00\x00\x00\xfd\x01\x00\x80\x1dx\xd5X\x1c:\xb5X\x00\x00\x00\x00\x00\x00\x00\x00\x00\x00\x04\x00chrx\x04\x00chrx\x00\x00'
Ether / IP / TCP /  1 Twalk 11 1 ['..']
Ether / IP / TCP /  1 Rerror 'bad use of fid'
Ether / IP / TCP /  1 Tread / Raw
Ether / IP / TCP /  1 Rread / Raw
Ether / IP / TCP /  1 Tread / Raw
Ether / IP / TCP /  1 Rread / Raw
Ether / IP / TCP /  1 Tread / Raw
Ether / IP / TCP /  1 Rread / Raw
Ether / IP / TCP /  1 Tread / Raw
Ether / IP / TCP /  1 Rread / Raw
Ether / IP / TCP /  1 Tclunk
Ether / IP / TCP /  1 Rclunk
Ether / IP / TCP /  0 Twalk 11 0 []
Ether / IP / TCP /  0 Rwalk 0 []
Ether / IP / TCP /  0 Topen / Raw
Ether / IP / TCP /  0 Ropen (DIR,1488271900,181589) 0
Ether / IP / TCP /  0 Tstat
Ether / IP / TCP /  0 Rstat '7\x00\x00\x00\x00\x00\x00\x00\x80\x1c:\xb5XU\xc5\x02\x00\x00\x00\x00\x00\xfd\x01\x00\x80\x1dx\xd5X\x1c:\xb5X\x00\x00\x00\x00\x00\x00\x00\x00\x00\x00\x04\x00chrx\x04\x00chrx\x00\x00'
Ether / IP / TCP /  0 Twalk 1 1 ['..']
Ether / IP / TCP /  0 Rerror 'bad use of fid'
Ether / IP / TCP /  0 Tread / Raw
Ether / IP / TCP /  0 Rread / Raw
Ether / IP / TCP /  0 Tread / Raw
Ether / IP / TCP /  0 Rread / Raw
Ether / IP / TCP /  0 Tread / Raw
Ether / IP / TCP /  0 Rread / Raw
Ether / IP / TCP /  0 Tread / Raw
Ether / IP / TCP /  0 Rread / Raw
Ether / IP / TCP /  0 Tclunk
Ether / IP / TCP /  0 Rclunk
Ether / IP / TCP /  1 Twalk 1 0 []
Ether / IP / TCP /  1 Rwalk 0 []
Ether / IP / TCP /  1 Topen / Raw
Ether / IP / TCP /  1 Ropen (DIR,1488271900,181589) 0
Ether / IP / TCP /  1 Tstat
Ether / IP / TCP /  1 Rstat '7\x00\x00\x00\x00\x00\x00\x00\x80\x1c:\xb5XU\xc5\x02\x00\x00\x00\x00\x00\xfd\x01\x00\x80\x1dx\xd5X\x1c:\xb5X\x00\x00\x00\x00\x00\x00\x00\x00\x00\x00\x04\x00chrx\x04\x00chrx\x00\x00'
Ether / IP / TCP /  1 Twalk 11 1 ['..']
Ether / IP / TCP /  1 Rerror 'bad use of fid'
Ether / IP / TCP /  1 Tread / Raw
Ether / IP / TCP /  1 Rread / Raw
Ether / IP / TCP /  1 Tread / Raw
Ether / IP / TCP /  1 Rread / Raw
Ether / IP / TCP /  1 Tread / Raw
Ether / IP / TCP /  1 Rread / Raw
Ether / IP / TCP /  1 Tread / Raw
Ether / IP / TCP /  1 Rread / Raw
Ether / IP / TCP /  1 Tclunk
Ether / IP / TCP /  1 Rclunk
Ether / IP / TCP /  0 Twalk 11 0 []
Ether / IP / TCP /  0 Rwalk 0 []
Ether / IP / TCP /  0 Topen / Raw
Ether / IP / TCP /  0 Ropen (DIR,1488271900,181589) 0
Ether / IP / TCP /  0 Tstat
Ether / IP / TCP /  0 Rstat '7\x00\x00\x00\x00\x00\x00\x00\x80\x1c:\xb5XU\xc5\x02\x00\x00\x00\x00\x00\xfd\x01\x00\x80\x1dx\xd5X\x1c:\xb5X\x00\x00\x00\x00\x00\x00\x00\x00\x00\x00\x04\x00chrx\x04\x00chrx\x00\x00'
Ether / IP / TCP /  0 Twalk 1 1 ['..']
Ether / IP / TCP /  0 Rerror 'bad use of fid'
Ether / IP / TCP /  0 Tread / Raw
Ether / IP / TCP /  0 Rread / Raw
Ether / IP / TCP /  0 Tread / Raw
Ether / IP / TCP /  0 Rread / Raw
Ether / IP / TCP /  0 Tread / Raw
Ether / IP / TCP /  0 Rread / Raw
Ether / IP / TCP /  0 Tread / Raw
Ether / IP / TCP /  0 Rread / Raw
Ether / IP / TCP /  0 Tclunk
Ether / IP / TCP /  0 Rclunk
Ether / IP / TCP /  1 Twalk 1 0 []
Ether / IP / TCP /  1 Rwalk 0 []
Ether / IP / TCP /  1 Topen / Raw
Ether / IP / TCP /  1 Ropen (DIR,1488271900,181589) 0
Ether / IP / TCP /  1 Tstat
Ether / IP / TCP /  1 Rstat '7\x00\x00\x00\x00\x00\x00\x00\x80\x1c:\xb5XU\xc5\x02\x00\x00\x00\x00\x00\xfd\x01\x00\x80\x1dx\xd5X\x1c:\xb5X\x00\x00\x00\x00\x00\x00\x00\x00\x00\x00\x04\x00chrx\x04\x00chrx\x00\x00'
Ether / IP / TCP /  1 Twalk 11 1 ['..']
Ether / IP / TCP /  1 Rerror 'bad use of fid'
Ether / IP / TCP /  1 Tread / Raw
Ether / IP / TCP /  1 Rread / Raw
Ether / IP / TCP /  1 Tread / Raw
Ether / IP / TCP /  1 Rread / Raw
Ether / IP / TCP /  1 Tread / Raw
Ether / IP / TCP /  1 Rread / Raw
Ether / IP / TCP /  1 Tread / Raw
Ether / IP / TCP /  1 Rread / Raw
Ether / IP / TCP /  1 Tclunk
Ether / IP / TCP /  1 Rclunk
Ether / IP / TCP /  0 Twalk 11 0 []
Ether / IP / TCP /  0 Rwalk 0 []
Ether / IP / TCP /  0 Topen / Raw
Ether / IP / TCP /  0 Ropen (DIR,1488271900,181589) 0
Ether / IP / TCP /  0 Tstat
Ether / IP / TCP /  0 Rstat '7\x00\x00\x00\x00\x00\x00\x00\x80\x1c:\xb5XU\xc5\x02\x00\x00\x00\x00\x00\xfd\x01\x00\x80\x1dx\xd5X\x1c:\xb5X\x00\x00\x00\x00\x00\x00\x00\x00\x00\x00\x04\x00chrx\x04\x00chrx\x00\x00'
Ether / IP / TCP /  0 Twalk 1 1 ['..']
Ether / IP / TCP /  0 Rerror 'bad use of fid'
Ether / IP / TCP /  0 Tread / Raw
Ether / IP / TCP /  0 Rread / Raw
Ether / IP / TCP /  0 Tread / Raw
Ether / IP / TCP /  0 Rread / Raw
Ether / IP / TCP /  0 Tread / Raw
Ether / IP / TCP /  0 Rread / Raw
Ether / IP / TCP /  0 Tread / Raw
Ether / IP / TCP /  0 Rread / Raw
Ether / IP / TCP /  0 Tclunk
Ether / IP / TCP /  0 Rclunk
Ether / IP / TCP /  1 Twalk 1 0 []
Ether / IP / TCP /  1 Rwalk 0 []
Ether / IP / TCP /  1 Topen / Raw
Ether / IP / TCP /  1 Ropen (DIR,1488271900,181589) 0
Ether / IP / TCP /  1 Tstat
Ether / IP / TCP /  1 Rstat '7\x00\x00\x00\x00\x00\x00\x00\x80\x1c:\xb5XU\xc5\x02\x00\x00\x00\x00\x00\xfd\x01\x00\x80\x1dx\xd5X\x1c:\xb5X\x00\x00\x00\x00\x00\x00\x00\x00\x00\x00\x04\x00chrx\x04\x00chrx\x00\x00'
Ether / IP / TCP /  1 Twalk 11 1 ['..']
Ether / IP / TCP /  1 Rerror 'bad use of fid'
Ether / IP / TCP /  1 Tread / Raw
Ether / IP / TCP /  1 Rread / Raw
Ether / IP / TCP /  1 Tread / Raw
Ether / IP / TCP /  1 Rread / Raw
Ether / IP / TCP /  1 Tread / Raw
Ether / IP / TCP /  1 Rread / Raw
Ether / IP / TCP /  1 Tread / Raw
Ether / IP / TCP /  1 Rread / Raw
Ether / IP / TCP /  1 Tclunk
Ether / IP / TCP /  1 Rclunk
Ether / IP / TCP /  0 Twalk 11 0 []
Ether / IP / TCP /  0 Rwalk 0 []
Ether / IP / TCP /  0 Topen / Raw
Ether / IP / TCP /  0 Ropen (DIR,1488271900,181589) 0
Ether / IP / TCP /  0 Tstat
Ether / IP / TCP /  0 Rstat '7\x00\x00\x00\x00\x00\x00\x00\x80\x1c:\xb5XU\xc5\x02\x00\x00\x00\x00\x00\xfd\x01\x00\x80\x1dx\xd5X\x1c:\xb5X\x00\x00\x00\x00\x00\x00\x00\x00\x00\x00\x04\x00chrx\x04\x00chrx\x00\x00'
Ether / IP / TCP /  0 Twalk 1 1 ['..']
Ether / IP / TCP /  0 Rerror 'bad use of fid'
Ether / IP / TCP /  0 Tread / Raw
Ether / IP / TCP /  0 Rread / Raw
Ether / IP / TCP /  0 Tread / Raw
Ether / IP / TCP /  0 Rread / Raw
Ether / IP / TCP /  0 Tread / Raw
Ether / IP / TCP /  0 Rread / Raw
Ether / IP / TCP /  0 Tread / Raw
Ether / IP / TCP /  0 Rread / Raw
Ether / IP / TCP /  0 Tclunk
Ether / IP / TCP /  1 Twalk 1 0 []
Ether / IP / TCP /  0 Rclunk
Ether / IP / TCP /  1 Rwalk 0 []
Ether / IP / TCP /  1 Topen / Raw
Ether / IP / TCP /  1 Ropen (DIR,1488271900,181589) 0
Ether / IP / TCP /  1 Tstat
Ether / IP / TCP /  1 Rstat '7\x00\x00\x00\x00\x00\x00\x00\x80\x1c:\xb5XU\xc5\x02\x00\x00\x00\x00\x00\xfd\x01\x00\x80\x1dx\xd5X\x1c:\xb5X\x00\x00\x00\x00\x00\x00\x00\x00\x00\x00\x04\x00chrx\x04\x00chrx\x00\x00'
Ether / IP / TCP /  1 Twalk 11 1 ['..']
Ether / IP / TCP /  1 Rerror 'bad use of fid'
Ether / IP / TCP /  1 Tread / Raw
Ether / IP / TCP /  1 Rread / Raw
Ether / IP / TCP /  1 Tread / Raw
Ether / IP / TCP /  1 Rread / Raw
Ether / IP / TCP /  1 Tread / Raw
Ether / IP / TCP /  1 Rread / Raw
Ether / IP / TCP /  1 Tread / Raw
Ether / IP / TCP /  1 Rread / Raw
Ether / IP / TCP /  1 Tclunk
Ether / IP / TCP /  1 Rclunk
Ether / IP / TCP /  0 Twalk 11 1 ['autorun.inf']
Ether / IP / TCP /  0 Rerror 'No such file or directory'
Ether / IP / TCP /  0 Tstat
Ether / IP / TCP /  0 Rstat '7\x00\x00\x00\x00\x00\x00\x00\x80\x1c:\xb5XU\xc5\x02\x00\x00\x00\x00\x00\xfd\x01\x00\x80\x1dx\xd5X\x1c:\xb5X\x00\x00\x00\x00\x00\x00\x00\x00\x00\x00\x04\x00chrx\x04\x00chrx\x00\x00'
Ether / IP / TCP /  0 Twalk 11 0 []
Ether / IP / TCP /  0 Rwalk 0 []
Ether / IP / TCP /  0 Topen / Raw
Ether / IP / TCP /  0 Ropen (DIR,1488271900,181589) 0
Ether / IP / TCP /  0 Tclunk
Ether / IP / TCP /  0 Rclunk
Ether / IP / TCP /  0 Tstat
Ether / IP / TCP /  0 Rstat '7\x00\x00\x00\x00\x00\x00\x00\x80\x1c:\xb5XU\xc5\x02\x00\x00\x00\x00\x00\xfd\x01\x00\x80\x1dx\xd5X\x1c:\xb5X\x00\x00\x00\x00\x00\x00\x00\x00\x00\x00\x04\x00chrx\x04\x00chrx\x00\x00'
Ether / IP / TCP /  0 Twalk 11 1 ['hello-world']
Ether / IP / TCP /  0 Rwalk 1 [(DIR,1489336366,235815)]
Ether / IP / TCP /  0 Tstat
Ether / IP / TCP /  0 Rstat "B\x00\x00\x00\x00\x00\x00\x00\x80.x\xd5X'\x99\x03\x00\x00\x00\x00\x00\xfd\x01\x00\x80yx\xd5X.x\xd5X\x00\x00\x00\x00\x00\x00\x00\x00\x0b\x00hello-world\x04\x00chrx\x04\x00chrx\x00\x00"
Ether / IP / TCP /  0 Tclunk
Ether / IP / TCP /  0 Rclunk
Ether / IP / TCP /  0 Tclunk
Ether / IP / TCP /  0 Rclunk
Ether / IP / TCP /  0 Twalk 9 1 ['hello-world']
Ether / IP / TCP /  0 Rwalk 1 [(DIR,1489336366,235815)]
Ether / IP / TCP /  0 Tstat
Ether / IP / TCP /  0 Rstat "B\x00\x00\x00\x00\x00\x00\x00\x80.x\xd5X'\x99\x03\x00\x00\x00\x00\x00\xfd\x01\x00\x80yx\xd5X.x\xd5X\x00\x00\x00\x00\x00\x00\x00\x00\x0b\x00hello-world\x04\x00chrx\x04\x00chrx\x00\x00"
Ether / IP / TCP /  0 Twalk 11 1 ['hi']
Ether / IP / TCP /  0 Rwalk 1 [(DIR,1489336378,235843)]
Ether / IP / TCP /  0 Tstat
Ether / IP / TCP /  0 Rstat '9\x00\x00\x00\x00\x00\x00\x00\x80:x\xd5XC\x99\x03\x00\x00\x00\x00\x00\xfd\x01\x00\x80.x\xd5X:x\xd5X\x00\x00\x00\x00\x00\x00\x00\x00\x02\x00hi\x04\x00chrx\x04\x00chrx\x00\x00'
Ether / IP / TCP /  0 Twalk 1 1 ['sun']
Ether / IP / TCP /  0 Rwalk 1 [(DIR,1489336472,235842)]
Ether / IP / TCP /  0 Tstat
Ether / IP / TCP /  0 Rstat ':\x00\x00\x00\x00\x00\x00\x00\x80\x98x\xd5XB\x99\x03\x00\x00\x00\x00\x00\xfd\x01\x00\x80\x90x\xd5X\x98x\xd5X\x00\x00\x00\x00\x00\x00\x00\x00\x03\x00sun\x04\x00chrx\x04\x00chrx\x00\x00'
Ether / IP / TCP /  0 Twalk 12 1 ['777']
Ether / IP / TCP /  0 Rerror 'No such file or directory'
Ether / IP / TCP /  0 Twalk 12 1 ['hello-world']
Ether / IP / TCP /  0 Rwalk 1 [(DIR,1489336366,235815)]
Ether / IP / TCP /  0 Tstat
Ether / IP / TCP /  0 Rstat "B\x00\x00\x00\x00\x00\x00\x00\x80.x\xd5X'\x99\x03\x00\x00\x00\x00\x00\xfd\x01\x00\x80yx\xd5X.x\xd5X\x00\x00\x00\x00\x00\x00\x00\x00\x0b\x00hello-world\x04\x00chrx\x04\x00chrx\x00\x00"
Ether / IP / TCP /  0 Tclunk
Ether / IP / TCP /  0 Rclunk
Ether / IP / TCP /  0 Tclunk
Ether / IP / TCP /  0 Rclunk
Ether / IP / TCP /  0 Twalk 1 1 ['hello-world']
Ether / IP / TCP /  0 Rwalk 1 [(DIR,1489336366,235815)]
Ether / IP / TCP /  1 Tclunk
Ether / IP / TCP /  1 Rclunk
Ether / IP / TCP /  0 Tstat
Ether / IP / TCP /  0 Rstat "B\x00\x00\x00\x00\x00\x00\x00\x80.x\xd5X'\x99\x03\x00\x00\x00\x00\x00\xfd\x01\x00\x80yx\xd5X.x\xd5X\x00\x00\x00\x00\x00\x00\x00\x00\x0b\x00hello-world\x04\x00chrx\x04\x00chrx\x00\x00"
Ether / IP / TCP /  1 Tclunk
Ether / IP / TCP /  1 Rclunk
Ether / IP / TCP /  1 Twalk 9 1 ['hi']
Ether / IP / TCP /  1 Rwalk 1 [(DIR,1489336378,235843)]
Ether / IP / TCP /  1 Tstat
Ether / IP / TCP /  1 Rstat '9\x00\x00\x00\x00\x00\x00\x00\x80:x\xd5XC\x99\x03\x00\x00\x00\x00\x00\xfd\x01\x00\x80.x\xd5X:x\xd5X\x00\x00\x00\x00\x00\x00\x00\x00\x02\x00hi\x04\x00chrx\x04\x00chrx\x00\x00'
Ether / IP / TCP /  1 Twalk 11 1 ['sun']
Ether / IP / TCP /  1 Rwalk 1 [(DIR,1489336472,235842)]
Ether / IP / TCP /  1 Tstat
Ether / IP / TCP /  1 Rstat ':\x00\x00\x00\x00\x00\x00\x00\x80\x98x\xd5XB\x99\x03\x00\x00\x00\x00\x00\xfd\x01\x00\x80\x90x\xd5X\x98x\xd5X\x00\x00\x00\x00\x00\x00\x00\x00\x03\x00sun\x04\x00chrx\x04\x00chrx\x00\x00'
Ether / IP / TCP /  1 Twalk 12 1 ['777.txt']
Ether / IP / TCP /  1 Rwalk 1 [(FILE,1490386072,149854)]
Ether / IP / TCP /  1 Tstat
Ether / IP / TCP /  1 Rstat '>\x00\x00\x00\x00\x00\x00\x00\x00\x98|\xd5X^I\x02\x00\x00\x00\x00\x00\xb4\x01\x00\x00\x98x\xd5X\x98x\xd5X\x04\x00\x00\x00\x00\x00\x00\x00\x07\x00777.txt\x04\x00chrx\x04\x00chrx\x00\x00'
Ether / IP / TCP /  1 Twalk 13 0 []
Ether / IP / TCP /  1 Rwalk 0 []
Ether / IP / TCP /  1 Topen / Raw
Ether / IP / TCP /  1 Ropen (FILE,1490386072,149854) 0
Ether / IP / TCP /  1 Tread / Raw
Ether / IP / TCP /  1 Rread / Raw
Ether / IP / TCP /  1 Tread / Raw
Ether / IP / TCP /  1 Rread / Raw
Ether / IP / TCP /  1 Tclunk
Ether / IP / TCP /  1 Rclunk
Ether / IP / TCP /  1 Tstat
Ether / IP / TCP /  1 Rstat '7\x00\x00\x00\x00\x00\x00\x00\x80\x1c:\xb5XU\xc5\x02\x00\x00\x00\x00\x00\xfd\x01\x00\x80\x1dx\xd5X\x1c:\xb5X\x00\x00\x00\x00\x00\x00\x00\x00\x00\x00\x04\x00chrx\x04\x00chrx\x00\x00'
