Ether / IP / TCP / 65535 Tversion '9P2000'
Ether / IP / TCP / 65535 Rversion '9P2000'
Ether / IP / TCP / 0 Tattach 'chrx'
Ether / IP / TCP / 0 Rattach / Raw
Ether / IP / TCP / 0 Twalk / Raw
Ether / IP / TCP / 1 Twalk / Raw
Ether / IP / TCP / 0 Rerror / Raw
Ether / IP / TCP / 1 Topen / Raw
Ether / IP / TCP / 0 Twalk / Raw
Ether / IP / TCP / 1 Ropen / Raw
Ether / IP / TCP / 1 Tstat
Ether / IP / TCP / 0 Rerror / Raw
Ether / IP / TCP / 1 Rstat / Raw
Ether / IP / TCP / 1 Twalk / Raw
Ether / IP / TCP / 1 Rerror / Raw
Ether / IP / TCP / 1 Tread / Raw
Ether / IP / TCP / 1 Rread / Raw
Ether / IP / TCP / 1 Tread / Raw
Ether / IP / TCP / 1 Rread / Raw
Ether / IP / TCP / 1 Tread / Raw
Ether / IP / TCP / 1 Rread / Raw
Ether / IP / TCP / 1 Twalk / Raw
Ether / IP / TCP / 1 Rwalk / Raw
Ether / IP / TCP / 1 Tstat
Ether / IP / TCP / 1 Rstat / Raw
Ether / IP / TCP / 1 Twalk / Raw
Ether / IP / TCP / 1 Rwalk / Raw
Ether / IP / TCP / 1 Tstat
Ether / IP / TCP / 1 Rstat / Raw
Ether / IP / TCP / 1 Twalk / Raw
Ether / IP / TCP / 1 Rwalk / Raw
Ether / IP / TCP / 1 Tstat
Ether / IP / TCP / 1 Rstat / Raw
Ether / IP / TCP / 1 Twalk / Raw
Ether / IP / TCP / 1 Rwalk / Raw
Ether / IP / TCP / 1 Tstat
Ether / IP / TCP / 1 Rstat / Raw
Ether / IP / TCP / 1 Twalk / Raw
Ether / IP / TCP / 1 Rwalk / Raw
Ether / IP / TCP / 1 Tstat
Ether / IP / TCP / 1 Rstat / Raw
Ether / IP / TCP / 1 Twalk / Raw
Ether / IP / TCP / 1 Rwalk / Raw
Ether / IP / TCP / 1 Tstat
Ether / IP / TCP / 1 Rstat / Raw
Ether / IP / TCP / 1 Twalk / Raw
Ether / IP / TCP / 1 Rwalk / Raw
Ether / IP / TCP / 1 Tstat
Ether / IP / TCP / 1 Rstat / Raw
Ether / IP / TCP / 1 Twalk / Raw
Ether / IP / TCP / 1 Rwalk / Raw
Ether / IP / TCP / 1 Tstat
Ether / IP / TCP / 1 Rstat / Raw
Ether / IP / TCP / 1 Twalk / Raw
Ether / IP / TCP / 1 Rwalk / Raw
Ether / IP / TCP / 1 Tstat
Ether / IP / TCP / 1 Rstat / Raw
Ether / IP / TCP / 1 Tread / Raw
Ether / IP / TCP / 1 Rread / Raw
Ether / IP / TCP / 1 Tclunk
Ether / IP / TCP / 1 Rclunk
Ether / IP / TCP / 0 Twalk / Raw
Ether / IP / TCP / 0 Rwalk / Raw
Ether / IP / TCP / 0 Topen / Raw
Ether / IP / TCP / 0 Ropen / Raw
Ether / IP / TCP / 0 Tstat
Ether / IP / TCP / 0 Rstat / Raw
Ether / IP / TCP / 0 Twalk / Raw
Ether / IP / TCP / 0 Rerror / Raw
Ether / IP / TCP / 0 Tread / Raw
Ether / IP / TCP / 0 Rread / Raw
Ether / IP / TCP / 0 Tread / Raw
Ether / IP / TCP / 0 Rread / Raw
Ether / IP / TCP / 0 Tread / Raw
Ether / IP / TCP / 0 Rread / Raw
Ether / IP / TCP / 0 Tread / Raw
Ether / IP / TCP / 0 Rread / Raw
Ether / IP / TCP / 0 Tclunk
Ether / IP / TCP / 0 Rclunk
Ether / IP / TCP / 1 Twalk / Raw
Ether / IP / TCP / 1 Rwalk / Raw
Ether / IP / TCP / 1 Topen / Raw
Ether / IP / TCP / 1 Ropen / Raw
Ether / IP / TCP / 1 Tstat
Ether / IP / TCP / 1 Rstat / Raw
Ether / IP / TCP / 1 Twalk / Raw
Ether / IP / TCP / 1 Rerror / Raw
Ether / IP / TCP / 1 Tread / Raw
Ether / IP / TCP / 1 Rread / Raw
Ether / IP / TCP / 1 Tread / Raw
Ether / IP / TCP / 1 Rread / Raw
Ether / IP / TCP / 1 Tread / Raw
Ether / IP / TCP / 1 Rread / Raw
Ether / IP / TCP / 1 Tread / Raw
Ether / IP / TCP / 1 Rread / Raw
Ether / IP / TCP / 1 Tclunk
Ether / IP / TCP / 1 Rclunk
Ether / IP / TCP / 0 Twalk / Raw
Ether / IP / TCP / 0 Rwalk / Raw
Ether / IP / TCP / 0 Topen / Raw
Ether / IP / TCP / 0 Ropen / Raw
Ether / IP / TCP / 0 Tstat
Ether / IP / TCP / 0 Rstat / Raw
Ether / IP / TCP / 0 Twalk / Raw
Ether / IP / TCP / 0 Rerror / Raw
Ether / IP / TCP / 0 Tread / Raw
Ether / IP / TCP / 0 Rread / Raw
Ether / IP / TCP / 0 Tread / Raw
Ether / IP / TCP / 0 Rread / Raw
Ether / IP / TCP / 0 Tread / Raw
Ether / IP / TCP / 0 Rread / Raw
Ether / IP / TCP / 0 Tread / Raw
Ether / IP / TCP / 0 Rread / Raw
Ether / IP / TCP / 0 Tclunk
Ether / IP / TCP / 0 Rclunk
Ether / IP / TCP / 1 Twalk / Raw
Ether / IP / TCP / 1 Rwalk / Raw
Ether / IP / TCP / 1 Topen / Raw
Ether / IP / TCP / 1 Ropen / Raw
Ether / IP / TCP / 1 Tstat
Ether / IP / TCP / 1 Rstat / Raw
Ether / IP / TCP / 1 Twalk / Raw
Ether / IP / TCP / 1 Rerror / Raw
Ether / IP / TCP / 1 Tread / Raw
Ether / IP / TCP / 1 Rread / Raw
Ether / IP / TCP / 1 Tread / Raw
Ether / IP / TCP / 1 Rread / Raw
Ether / IP / TCP / 1 Tread / Raw
Ether / IP / TCP / 1 Rread / Raw
Ether / IP / TCP / 1 Tread / Raw
Ether / IP / TCP / 1 Rread / Raw
Ether / IP / TCP / 1 Tclunk
Ether / IP / TCP / 1 Rclunk
Ether / IP / TCP / 0 Twalk / Raw
Ether / IP / TCP / 0 Rwalk / Raw
Ether / IP / TCP / 0 Topen / Raw
Ether / IP / TCP / 0 Ropen / Raw
Ether / IP / TCP / 0 Tstat
Ether / IP / TCP / 0 Rstat / Raw
Ether / IP / TCP / 0 Twalk / Raw
Ether / IP / TCP / 0 Rerror / Raw
Ether / IP / TCP / 0 Tread / Raw
Ether / IP / TCP / 0 Rread / Raw
Ether / IP / TCP / 0 Tread / Raw
Ether / IP / TCP / 0 Rread / Raw
Ether / IP / TCP / 0 Tread / Raw
Ether / IP / TCP / 0 Rread / Raw
Ether / IP / TCP / 0 Tread / Raw
Ether / IP / TCP / 0 Rread / Raw
Ether / IP / TCP / 0 Tclunk
Ether / IP / TCP / 0 Rclunk
Ether / IP / TCP / 1 Twalk / Raw
Ether / IP / TCP / 1 Rwalk / Raw
Ether / IP / TCP / 1 Topen / Raw
Ether / IP / TCP / 1 Ropen / Raw
Ether / IP / TCP / 1 Tstat
Ether / IP / TCP / 1 Rstat / Raw
Ether / IP / TCP / 1 Twalk / Raw
Ether / IP / TCP / 1 Rerror / Raw
Ether / IP / TCP / 1 Tread / Raw
Ether / IP / TCP / 1 Rread / Raw
Ether / IP / TCP / 1 Tread / Raw
Ether / IP / TCP / 1 Rread / Raw
Ether / IP / TCP / 1 Tread / Raw
Ether / IP / TCP / 1 Rread / Raw
Ether / IP / TCP / 1 Tread / Raw
Ether / IP / TCP / 1 Rread / Raw
Ether / IP / TCP / 1 Tclunk
Ether / IP / TCP / 1 Rclunk
Ether / IP / TCP / 0 Twalk / Raw
Ether / IP / TCP / 0 Rwalk / Raw
Ether / IP / TCP / 0 Topen / Raw
Ether / IP / TCP / 0 Ropen / Raw
Ether / IP / TCP / 0 Tstat
Ether / IP / TCP / 0 Rstat / Raw
Ether / IP / TCP / 0 Twalk / Raw
Ether / IP / TCP / 0 Rerror / Raw
Ether / IP / TCP / 0 Tread / Raw
Ether / IP / TCP / 0 Rread / Raw
Ether / IP / TCP / 0 Tread / Raw
Ether / IP / TCP / 0 Rread / Raw
Ether / IP / TCP / 0 Tread / Raw
Ether / IP / TCP / 0 Rread / Raw
Ether / IP / TCP / 0 Tread / Raw
Ether / IP / TCP / 0 Rread / Raw
Ether / IP / TCP / 0 Tclunk
Ether / IP / TCP / 0 Rclunk
Ether / IP / TCP / 1 Twalk / Raw
Ether / IP / TCP / 1 Rwalk / Raw
Ether / IP / TCP / 1 Topen / Raw
Ether / IP / TCP / 1 Ropen / Raw
Ether / IP / TCP / 1 Tstat
Ether / IP / TCP / 1 Rstat / Raw
Ether / IP / TCP / 1 Twalk / Raw
Ether / IP / TCP / 1 Rerror / Raw
Ether / IP / TCP / 1 Tread / Raw
Ether / IP / TCP / 1 Rread / Raw
Ether / IP / TCP / 1 Tread / Raw
Ether / IP / TCP / 1 Rread / Raw
Ether / IP / TCP / 1 Tread / Raw
Ether / IP / TCP / 1 Rread / Raw
Ether / IP / TCP / 1 Tread / Raw
Ether / IP / TCP / 1 Rread / Raw
Ether / IP / TCP / 1 Tclunk
Ether / IP / TCP / 1 Rclunk
Ether / IP / TCP / 0 Twalk / Raw
Ether / IP / TCP / 0 Rwalk / Raw
Ether / IP / TCP / 0 Topen / Raw
Ether / IP / TCP / 0 Ropen / Raw
Ether / IP / TCP / 0 Tstat
Ether / IP / TCP / 0 Rstat / Raw
Ether / IP / TCP / 0 Twalk / Raw
Ether / IP / TCP / 0 Rerror / Raw
Ether / IP / TCP / 0 Tread / Raw
Ether / IP / TCP / 0 Rread / Raw
Ether / IP / TCP / 0 Tread / Raw
Ether / IP / TCP / 0 Rread / Raw
Ether / IP / TCP / 0 Tread / Raw
Ether / IP / TCP / 0 Rread / Raw
Ether / IP / TCP / 0 Tread / Raw
Ether / IP / TCP / 0 Rread / Raw
Ether / IP / TCP / 0 Tclunk
Ether / IP / TCP / 0 Rclunk
Ether / IP / TCP / 1 Twalk / Raw
Ether / IP / TCP / 1 Rwalk / Raw
Ether / IP / TCP / 1 Topen / Raw
Ether / IP / TCP / 1 Ropen / Raw
Ether / IP / TCP / 1 Tstat
Ether / IP / TCP / 1 Rstat / Raw
Ether / IP / TCP / 1 Twalk / Raw
Ether / IP / TCP / 1 Rerror / Raw
Ether / IP / TCP / 1 Tread / Raw
Ether / IP / TCP / 1 Rread / Raw
Ether / IP / TCP / 1 Tread / Raw
Ether / IP / TCP / 1 Rread / Raw
Ether / IP / TCP / 1 Tread / Raw
Ether / IP / TCP / 1 Rread / Raw
Ether / IP / TCP / 1 Tread / Raw
Ether / IP / TCP / 1 Rread / Raw
Ether / IP / TCP / 1 Tclunk
Ether / IP / TCP / 1 Rclunk
Ether / IP / TCP / 0 Twalk / Raw
Ether / IP / TCP / 0 Rwalk / Raw
Ether / IP / TCP / 0 Topen / Raw
Ether / IP / TCP / 0 Ropen / Raw
Ether / IP / TCP / 0 Tstat
Ether / IP / TCP / 0 Rstat / Raw
Ether / IP / TCP / 0 Twalk / Raw
Ether / IP / TCP / 0 Rerror / Raw
Ether / IP / TCP / 0 Tread / Raw
Ether / IP / TCP / 0 Rread / Raw
Ether / IP / TCP / 0 Tread / Raw
Ether / IP / TCP / 0 Rread / Raw
Ether / IP / TCP / 0 Tread / Raw
Ether / IP / TCP / 0 Rread / Raw
Ether / IP / TCP / 0 Tread / Raw
Ether / IP / TCP / 0 Rread / Raw
Ether / IP / TCP / 0 Tclunk
Ether / IP / TCP / 0 Rclunk
Ether / IP / TCP / 1 Twalk / Raw
Ether / IP / TCP / 1 Rwalk / Raw
Ether / IP / TCP / 1 Topen / Raw
Ether / IP / TCP / 1 Ropen / Raw
Ether / IP / TCP / 1 Tstat
Ether / IP / TCP / 1 Rstat / Raw
Ether / IP / TCP / 1 Twalk / Raw
Ether / IP / TCP / 1 Rerror / Raw
Ether / IP / TCP / 1 Tread / Raw
Ether / IP / TCP / 1 Rread / Raw
Ether / IP / TCP / 1 Tread / Raw
Ether / IP / TCP / 1 Rread / Raw
Ether / IP / TCP / 1 Tread / Raw
Ether / IP / TCP / 1 Rread / Raw
Ether / IP / TCP / 1 Tread / Raw
Ether / IP / TCP / 1 Rread / Raw
Ether / IP / TCP / 1 Tclunk
Ether / IP / TCP / 1 Rclunk
Ether / IP / TCP / 0 Twalk / Raw
Ether / IP / TCP / 0 Rwalk / Raw
Ether / IP / TCP / 0 Topen / Raw
Ether / IP / TCP / 0 Ropen / Raw
Ether / IP / TCP / 0 Tstat
Ether / IP / TCP / 0 Rstat / Raw
Ether / IP / TCP / 0 Twalk / Raw
Ether / IP / TCP / 0 Rerror / Raw
Ether / IP / TCP / 0 Tread / Raw
Ether / IP / TCP / 0 Rread / Raw
Ether / IP / TCP / 0 Tread / Raw
Ether / IP / TCP / 0 Rread / Raw
Ether / IP / TCP / 0 Tread / Raw
Ether / IP / TCP / 0 Rread / Raw
Ether / IP / TCP / 0 Tread / Raw
Ether / IP / TCP / 0 Rread / Raw
Ether / IP / TCP / 0 Tclunk
Ether / IP / TCP / 0 Rclunk
Ether / IP / TCP / 1 Twalk / Raw
Ether / IP / TCP / 1 Rwalk / Raw
Ether / IP / TCP / 1 Topen / Raw
Ether / IP / TCP / 1 Ropen / Raw
Ether / IP / TCP / 1 Tstat
Ether / IP / TCP / 1 Rstat / Raw
Ether / IP / TCP / 1 Twalk / Raw
Ether / IP / TCP / 1 Rerror / Raw
Ether / IP / TCP / 1 Tread / Raw
Ether / IP / TCP / 1 Rread / Raw
Ether / IP / TCP / 1 Tread / Raw
Ether / IP / TCP / 1 Rread / Raw
Ether / IP / TCP / 1 Tread / Raw
Ether / IP / TCP / 1 Rread / Raw
Ether / IP / TCP / 1 Tread / Raw
Ether / IP / TCP / 1 Rread / Raw
Ether / IP / TCP / 1 Tclunk
Ether / IP / TCP / 1 Rclunk
Ether / IP / TCP / 0 Twalk / Raw
Ether / IP / TCP / 0 Rwalk / Raw
Ether / IP / TCP / 0 Topen / Raw
Ether / IP / TCP / 0 Ropen / Raw
Ether / IP / TCP / 0 Tstat
Ether / IP / TCP / 0 Rstat / Raw
Ether / IP / TCP / 0 Twalk / Raw
Ether / IP / TCP / 0 Rerror / Raw
Ether / IP / TCP / 0 Tread / Raw
Ether / IP / TCP / 0 Rread / Raw
Ether / IP / TCP / 0 Tread / Raw
Ether / IP / TCP / 0 Rread / Raw
Ether / IP / TCP / 0 Tread / Raw
Ether / IP / TCP / 0 Rread / Raw
Ether / IP / TCP / 0 Tread / Raw
Ether / IP / TCP / 0 Rread / Raw
Ether / IP / TCP / 0 Tclunk
Ether / IP / TCP / 0 Rclunk
Ether / IP / TCP / 1 Twalk / Raw
Ether / IP / TCP / 1 Rwalk / Raw
Ether / IP / TCP / 1 Topen / Raw
Ether / IP / TCP / 1 Ropen / Raw
Ether / IP / TCP / 1 Tstat
Ether / IP / TCP / 1 Rstat / Raw
Ether / IP / TCP / 1 Twalk / Raw
Ether / IP / TCP / 1 Rerror / Raw
Ether / IP / TCP / 1 Tread / Raw
Ether / IP / TCP / 1 Rread / Raw
Ether / IP / TCP / 1 Tread / Raw
Ether / IP / TCP / 1 Rread / Raw
Ether / IP / TCP / 1 Tread / Raw
Ether / IP / TCP / 1 Rread / Raw
Ether / IP / TCP / 1 Tread / Raw
Ether / IP / TCP / 1 Rread / Raw
Ether / IP / TCP / 1 Tclunk
Ether / IP / TCP / 1 Rclunk
Ether / IP / TCP / 0 Twalk / Raw
Ether / IP / TCP / 0 Rwalk / Raw
Ether / IP / TCP / 0 Topen / Raw
Ether / IP / TCP / 0 Ropen / Raw
Ether / IP / TCP / 0 Tstat
Ether / IP / TCP / 0 Rstat / Raw
Ether / IP / TCP / 0 Twalk / Raw
Ether / IP / TCP / 0 Rerror / Raw
Ether / IP / TCP / 0 Tread / Raw
Ether / IP / TCP / 0 Rread / Raw
Ether / IP / TCP / 0 Tread / Raw
Ether / IP / TCP / 0 Rread / Raw
Ether / IP / TCP / 0 Tread / Raw
Ether / IP / TCP / 0 Rread / Raw
Ether / IP / TCP / 0 Tread / Raw
Ether / IP / TCP / 0 Rread / Raw
Ether / IP / TCP / 0 Tclunk
Ether / IP / TCP / 0 Rclunk
Ether / IP / TCP / 1 Twalk / Raw
Ether / IP / TCP / 1 Rwalk / Raw
Ether / IP / TCP / 1 Topen / Raw
Ether / IP / TCP / 1 Ropen / Raw
Ether / IP / TCP / 1 Tstat
Ether / IP / TCP / 1 Rstat / Raw
Ether / IP / TCP / 1 Twalk / Raw
Ether / IP / TCP / 1 Rerror / Raw
Ether / IP / TCP / 1 Tread / Raw
Ether / IP / TCP / 1 Rread / Raw
Ether / IP / TCP / 1 Tread / Raw
Ether / IP / TCP / 1 Rread / Raw
Ether / IP / TCP / 1 Tread / Raw
Ether / IP / TCP / 1 Rread / Raw
Ether / IP / TCP / 1 Tread / Raw
Ether / IP / TCP / 1 Rread / Raw
Ether / IP / TCP / 1 Tclunk
Ether / IP / TCP / 1 Rclunk
Ether / IP / TCP / 0 Twalk / Raw
Ether / IP / TCP / 0 Rwalk / Raw
Ether / IP / TCP / 0 Topen / Raw
Ether / IP / TCP / 0 Ropen / Raw
Ether / IP / TCP / 0 Tstat
Ether / IP / TCP / 0 Rstat / Raw
Ether / IP / TCP / 0 Twalk / Raw
Ether / IP / TCP / 0 Rerror / Raw
Ether / IP / TCP / 0 Tread / Raw
Ether / IP / TCP / 0 Rread / Raw
Ether / IP / TCP / 0 Tread / Raw
Ether / IP / TCP / 0 Rread / Raw
Ether / IP / TCP / 0 Tread / Raw
Ether / IP / TCP / 0 Rread / Raw
Ether / IP / TCP / 0 Tread / Raw
Ether / IP / TCP / 0 Rread / Raw
Ether / IP / TCP / 0 Tclunk
Ether / IP / TCP / 0 Rclunk
Ether / IP / TCP / 1 Twalk / Raw
Ether / IP / TCP / 1 Rwalk / Raw
Ether / IP / TCP / 1 Topen / Raw
Ether / IP / TCP / 1 Ropen / Raw
Ether / IP / TCP / 1 Tstat
Ether / IP / TCP / 1 Rstat / Raw
Ether / IP / TCP / 1 Twalk / Raw
Ether / IP / TCP / 1 Rerror / Raw
Ether / IP / TCP / 1 Tread / Raw
Ether / IP / TCP / 1 Rread / Raw
Ether / IP / TCP / 1 Tread / Raw
Ether / IP / TCP / 1 Rread / Raw
Ether / IP / TCP / 1 Tread / Raw
Ether / IP / TCP / 1 Rread / Raw
Ether / IP / TCP / 1 Tread / Raw
Ether / IP / TCP / 1 Rread / Raw
Ether / IP / TCP / 1 Tclunk
Ether / IP / TCP / 1 Rclunk
Ether / IP / TCP / 0 Twalk / Raw
Ether / IP / TCP / 0 Rwalk / Raw
Ether / IP / TCP / 0 Topen / Raw
Ether / IP / TCP / 0 Ropen / Raw
Ether / IP / TCP / 0 Tstat
Ether / IP / TCP / 0 Rstat / Raw
Ether / IP / TCP / 0 Twalk / Raw
Ether / IP / TCP / 0 Rerror / Raw
Ether / IP / TCP / 0 Tread / Raw
Ether / IP / TCP / 0 Rread / Raw
Ether / IP / TCP / 0 Tread / Raw
Ether / IP / TCP / 0 Rread / Raw
Ether / IP / TCP / 0 Tread / Raw
Ether / IP / TCP / 0 Rread / Raw
Ether / IP / TCP / 0 Tread / Raw
Ether / IP / TCP / 0 Rread / Raw
Ether / IP / TCP / 0 Tclunk
Ether / IP / TCP / 1 Twalk / Raw
Ether / IP / TCP / 0 Rclunk
Ether / IP / TCP / 1 Rwalk / Raw
Ether / IP / TCP / 1 Topen / Raw
Ether / IP / TCP / 1 Ropen / Raw
Ether / IP / TCP / 1 Tstat
Ether / IP / TCP / 1 Rstat / Raw
Ether / IP / TCP / 1 Twalk / Raw
Ether / IP / TCP / 1 Rerror / Raw
Ether / IP / TCP / 1 Tread / Raw
Ether / IP / TCP / 1 Rread / Raw
Ether / IP / TCP / 1 Tread / Raw
Ether / IP / TCP / 1 Rread / Raw
Ether / IP / TCP / 1 Tread / Raw
Ether / IP / TCP / 1 Rread / Raw
Ether / IP / TCP / 1 Tread / Raw
Ether / IP / TCP / 1 Rread / Raw
Ether / IP / TCP / 1 Tclunk
Ether / IP / TCP / 1 Rclunk
Ether / IP / TCP / 0 Twalk / Raw
Ether / IP / TCP / 0 Rerror / Raw
Ether / IP / TCP / 0 Tstat
Ether / IP / TCP / 0 Rstat / Raw
Ether / IP / TCP / 0 Twalk / Raw
Ether / IP / TCP / 0 Rwalk / Raw
Ether / IP / TCP / 0 Topen / Raw
Ether / IP / TCP / 0 Ropen / Raw
Ether / IP / TCP / 0 Tclunk
Ether / IP / TCP / 0 Rclunk
Ether / IP / TCP / 0 Tstat
Ether / IP / TCP / 0 Rstat / Raw
Ether / IP / TCP / 0 Twalk / Raw
Ether / IP / TCP / 0 Rwalk / Raw
Ether / IP / TCP / 0 Topen / Raw
Ether / IP / TCP / 0 Ropen / Raw
Ether / IP / TCP / 0 Twalk / Raw
Ether / IP / TCP / 0 Rerror / Raw
Ether / IP / TCP / 0 Tread / Raw
Ether / IP / TCP / 0 Rread / Raw
Ether / IP / TCP / 0 Tread / Raw
Ether / IP / TCP / 0 Rread / Raw
Ether / IP / TCP / 0 Twalk / Raw
Ether / IP / TCP / 0 Rwalk / Raw
Ether / IP / TCP / 0 Tstat
Ether / IP / TCP / 0 Rstat / Raw
Ether / IP / TCP / 0 Tclunk
Ether / IP / TCP / 0 Rclunk
Ether / IP / TCP / 0 Tclunk
Ether / IP / TCP / 0 Rclunk
Ether / IP / TCP / 0 Twalk / Raw
Ether / IP / TCP / 0 Rwalk / Raw
Ether / IP / TCP / 0 Tstat
Ether / IP / TCP / 0 Rstat / Raw
Ether / IP / TCP / 0 Twalk / Raw
Ether / IP / TCP / 0 Rwalk / Raw
Ether / IP / TCP / 0 Tstat
Ether / IP / TCP / 0 Rstat / Raw
Ether / IP / TCP / 0 Tclunk
Ether / IP / TCP / 0 Rclunk
Ether / IP / TCP / 0 Tclunk
Ether / IP / TCP / 0 Rclunk
Ether / IP / TCP / 0 Twalk / Raw
Ether / IP / TCP / 0 Rwalk / Raw
Ether / IP / TCP / 0 Tstat
Ether / IP / TCP / 0 Rstat / Raw
Ether / IP / TCP / 0 Twalk / Raw
Ether / IP / TCP / 0 Rwalk / Raw
Ether / IP / TCP / 0 Tstat
Ether / IP / TCP / 0 Rstat / Raw
Ether / IP / TCP / 0 Tclunk
Ether / IP / TCP / 0 Rclunk
Ether / IP / TCP / 0 Tclunk
Ether / IP / TCP / 0 Rclunk
Ether / IP / TCP / 0 Twalk / Raw
Ether / IP / TCP / 0 Rwalk / Raw
Ether / IP / TCP / 0 Tstat
Ether / IP / TCP / 0 Rstat / Raw
Ether / IP / TCP / 0 Twalk / Raw
Ether / IP / TCP / 0 Rwalk / Raw
Ether / IP / TCP / 0 Tstat
Ether / IP / TCP / 0 Rstat / Raw
Ether / IP / TCP / 0 Tclunk
Ether / IP / TCP / 0 Rclunk
Ether / IP / TCP / 0 Tclunk
Ether / IP / TCP / 0 Rclunk
Ether / IP / TCP / 0 Twalk / Raw
Ether / IP / TCP / 0 Rwalk / Raw
Ether / IP / TCP / 0 Tstat
Ether / IP / TCP / 0 Rstat / Raw
Ether / IP / TCP / 0 Twalk / Raw
Ether / IP / TCP / 0 Rwalk / Raw
Ether / IP / TCP / 0 Tstat
Ether / IP / TCP / 0 Rstat / Raw
Ether / IP / TCP / 0 Tclunk
Ether / IP / TCP / 0 Rclunk
Ether / IP / TCP / 0 Tclunk
Ether / IP / TCP / 0 Rclunk
Ether / IP / TCP / 0 Twalk / Raw
Ether / IP / TCP / 0 Rwalk / Raw
Ether / IP / TCP / 0 Tstat
Ether / IP / TCP / 0 Rstat / Raw
Ether / IP / TCP / 0 Twalk / Raw
Ether / IP / TCP / 0 Rwalk / Raw
Ether / IP / TCP / 0 Tstat
Ether / IP / TCP / 0 Rstat / Raw
Ether / IP / TCP / 0 Tclunk
Ether / IP / TCP / 0 Rclunk
Ether / IP / TCP / 0 Twalk / Raw
Ether / IP / TCP / 0 Rwalk / Raw
Ether / IP / TCP / 1 Tclunk
Ether / IP / TCP / 1 Rclunk
Ether / IP / TCP / 0 Tstat
Ether / IP / TCP / 0 Rstat / Raw
Ether / IP / TCP / 0 Twalk / Raw
Ether / IP / TCP / 0 Rwalk / Raw
Ether / IP / TCP / 0 Tstat
Ether / IP / TCP / 0 Rstat / Raw
Ether / IP / TCP / 0 Tclunk
Ether / IP / TCP / 0 Rclunk
Ether / IP / TCP / 0 Twalk / Raw
Ether / IP / TCP / 0 Rwalk / Raw
Ether / IP / TCP / 1 Tclunk
Ether / IP / TCP / 1 Rclunk
Ether / IP / TCP / 0 Tstat
Ether / IP / TCP / 0 Rstat / Raw
Ether / IP / TCP / 0 Twalk / Raw
Ether / IP / TCP / 0 Rwalk / Raw
Ether / IP / TCP / 0 Tstat
Ether / IP / TCP / 0 Rstat / Raw
Ether / IP / TCP / 0 Tclunk
Ether / IP / TCP / 0 Rclunk
Ether / IP / TCP / 0 Twalk / Raw
Ether / IP / TCP / 0 Rwalk / Raw
Ether / IP / TCP / 1 Tclunk
Ether / IP / TCP / 1 Rclunk
Ether / IP / TCP / 0 Tstat
Ether / IP / TCP / 0 Rstat / Raw
Ether / IP / TCP / 0 Twalk / Raw
Ether / IP / TCP / 0 Rwalk / Raw
Ether / IP / TCP / 0 Tstat
Ether / IP / TCP / 0 Rstat / Raw
Ether / IP / TCP / 0 Tclunk
Ether / IP / TCP / 0 Rclunk
Ether / IP / TCP / 0 Twalk / Raw
Ether / IP / TCP / 0 Rwalk / Raw
Ether / IP / TCP / 1 Tclunk
Ether / IP / TCP / 1 Rclunk
Ether / IP / TCP / 0 Tstat
Ether / IP / TCP / 0 Rstat / Raw
Ether / IP / TCP / 0 Tread / Raw
Ether / IP / TCP / 0 Rread / Raw
Ether / IP / TCP / 0 Tclunk
Ether / IP / TCP / 0 Rclunk
Ether / IP / TCP / 0 Tstat
Ether / IP / TCP / 0 Rstat / Raw
Ether / IP / TCP / 0 Twalk / Raw
Ether / IP / TCP / 0 Rwalk / Raw
Ether / IP / TCP / 0 Tstat
Ether / IP / TCP / 0 Rstat / Raw
Ether / IP / TCP / 0 Tclunk
Ether / IP / TCP / 0 Rclunk
Ether / IP / TCP / 1 Twalk / Raw
Ether / IP / TCP / 1 Rwalk / Raw
Ether / IP / TCP / 0 Tclunk
Ether / IP / TCP / 0 Rclunk
Ether / IP / TCP / 1 Tstat
Ether / IP / TCP / 1 Rstat / Raw
Ether / IP / TCP / 1 Twalk / Raw
Ether / IP / TCP / 1 Rwalk / Raw
Ether / IP / TCP / 1 Topen / Raw
Ether / IP / TCP / 1 Ropen / Raw
Ether / IP / TCP / 1 Tclunk
Ether / IP / TCP / 1 Rclunk
Ether / IP / TCP / 1 Twalk / Raw
Ether / IP / TCP / 1 Rwalk / Raw
Ether / IP / TCP / 1 Topen / Raw
Ether / IP / TCP / 1 Ropen / Raw
Ether / IP / TCP / 1 Twalk / Raw
Ether / IP / TCP / 1 Rerror / Raw
Ether / IP / TCP / 1 Tread / Raw
Ether / IP / TCP / 1 Rread / Raw
Ether / IP / TCP / 1 Tread / Raw
Ether / IP / TCP / 1 Rread / Raw
Ether / IP / TCP / 1 Tclunk
Ether / IP / TCP / 1 Rclunk
Ether / IP / TCP / 1 Twalk / Raw
Ether / IP / TCP / 1 Rerror / Raw
Ether / IP / TCP / 1 Twalk / Raw
Ether / IP / TCP / 1 Rwalk / Raw
Ether / IP / TCP / 1 Tcreate / Raw
Ether / IP / TCP / 1 Rcreate / Raw
Ether / IP / TCP / 1 Tstat
Ether / IP / TCP / 1 Rstat / Raw
Ether / IP / TCP / 1 Twalk / Raw
Ether / IP / TCP / 1 Rwalk / Raw
Ether / IP / TCP / 1 Twrite / Raw
Ether / IP / TCP / 1 Rwrite / Raw
Ether / IP / TCP / 1 Tclunk
Ether / IP / TCP / 1 Rclunk
###[ P9 ]###
  size      = 23
  type      = Tattach
  tag       = 0
  fid       = 0
  afid      = 4294967295
  unsize    = 4
  uname     = 'chrx'
  ansize    = 0
  aname     = ''
0000   17 00 00 00 68 00 00 00  00 00 00 FF FF FF FF 04   ....h...........
0010   00 63 68 72 78 00 00                               .chrx..
