###[ P9 ]###
  size      = 22
  type      = Rwalk
  tag       = 1
  nwqid     = 1
  wqid      = [(FILE,361145924,137095)]
Traceback (most recent call last):
  File "build.py", line 648, in <module>
    hexdump(p[22][P9])
  File "/usr/lib/python2.6/site-packages/scapy/utils.py", line 62, in hexdump
    x=str(x)
  File "/usr/lib/python2.6/site-packages/scapy/packet.py", line 247, in __str__
    return self.build()
  File "/usr/lib/python2.6/site-packages/scapy/packet.py", line 291, in build
    pkt = self.do_build()
  File "/usr/lib/python2.6/site-packages/scapy/packet.py", line 278, in do_build
    p = f.addfield(self, p, self.getfieldval(f.name))
  File "/usr/lib/python2.6/site-packages/scapy/fields.py", line 141, in addfield
    return self.fld.addfield(pkt,s,val)
  File "build.py", line 369, in addfield
    s = self.field.addfield(pkt, s, v)
  File "build.py", line 319, in addfield
    return s+self.i2m(pkt, val)
  File "build.py", line 306, in i2m
    (type, vers, path) = x
TypeError: 'int' object is not iterable
