s:main/BEG
s:    socket created
s:    bind done
s:    connection accepted
s:    s9proc/BEG
s:        s9proc1
s:        readbuf/BEG
s:            alloc: 4 bytes
s:            13:00:00:00
s:        readbuf/END
s:        s9proc2
s:        s9proc3
s:        readbuf/BEG
s:            free: 4 bytes
s:            alloc: 15 bytes
s:            64:ff:ff:02:20:00:00:06:00:39:50:32:30:30:30
s:        readbuf/END
s:        s9proc5
s:        Tversion1
s:        Tversion9
s:        t_/BEG
s:            free: 15 bytes
s:            client send:100
s:            makebuf/BEG
s:                alloc: 19 bytes
s:            makebuf/END
s:            sendbuf/BEG
s:                free: 19 bytes
s:            sendbuf/END
s:        t_/END
s:    s9proc/END
s:    s9proc/BEG
s:        s9proc1
s:        readbuf/BEG
s:            alloc: 4 bytes
s:            13:00:00:00
s:        readbuf/END
s:        s9proc2
s:        s9proc3
s:        readbuf/BEG
s:            free: 4 bytes
s:            alloc: 15 bytes
s:            64:ff:ff:00:20:00:00:06:00:39:50:32:30:30:30
s:        readbuf/END
s:        s9proc5
s:        Tversion1
s:        Tversion9
s:        t_/BEG
s:            free: 15 bytes
s:            client send:100
s:            makebuf/BEG
s:                alloc: 19 bytes
s:            makebuf/END
s:            sendbuf/BEG
s:                free: 19 bytes
s:            sendbuf/END
s:        t_/END
s:    s9proc/END
s:    s9proc/BEG
s:        s9proc1
s:        readbuf/BEG
s:            alloc: 4 bytes
s:            13:00:00:00
s:        readbuf/END
s:        s9proc2
s:        s9proc3
s:        readbuf/BEG
s:            free: 4 bytes
s:            alloc: 15 bytes
s:            64:ff:ff:01:20:00:00:06:00:39:50:32:30:30:30
s:        readbuf/END
s:        s9proc5
s:        Tversion1
s:        Tversion9
s:        t_/BEG
s:            free: 15 bytes
s:            client send:100
s:            makebuf/BEG
s:                alloc: 19 bytes
s:            makebuf/END
s:            sendbuf/BEG
s:                free: 19 bytes
s:            sendbuf/END
s:        t_/END
s:    s9proc/END
s:    s9proc/BEG
s:        s9proc1
s:        readbuf/BEG
s:            alloc: 4 bytes
s:            
s:        readbuf/END
s:        s9proc2
s:        s9proc: invalid packet size !(7 <= 0 <= 8192)
s:    s9proc/END
s:    client disconnected
s:    free: 4 bytes
s:main/END
c:main/BEG
c:    socket created
c:    connected
c:    makebuf/BEG
c:        alloc: 19 bytes
c:    makebuf/END
c:    sendbuf/BEG
c:        free: 19 bytes
c:    sendbuf/END
c:    makebuf/BEG
c:        alloc: 19 bytes
c:    makebuf/END
c:    sendbuf/BEG
c:        free: 19 bytes
c:    sendbuf/END
c:    makebuf/BEG
c:        alloc: 19 bytes
c:    makebuf/END
c:    sendbuf/BEG
c:        free: 19 bytes
c:    sendbuf/END
c:    readbuf/BEG
c:        alloc: 4 bytes
c:        13:00:00:00
c:    readbuf/END
c:    readbuf/BEG
c:        free: 4 bytes
c:        alloc: 15 bytes
c:        65:ff:ff:01:20:00:00:06:00:39:50:32:30:30:30
c:    readbuf/END
c:    r_/BEG
c:        free: 15 bytes
c:        Rversion
c:    r_/END
c:    readbuf/BEG
c:        alloc: 4 bytes
c:        13:00:00:00
c:    readbuf/END
c:    readbuf/BEG
c:        free: 4 bytes
c:        alloc: 15 bytes
c:        65:ff:ff:00:20:00:00:06:00:39:50:32:30:30:30
c:    readbuf/END
c:    r_/BEG
c:        free: 15 bytes
c:        Rversion
c:    r_/END
c:    readbuf/BEG
c:        alloc: 4 bytes
c:        13:00:00:00
c:    readbuf/END
c:    readbuf/BEG
c:        free: 4 bytes
c:        alloc: 15 bytes
c:        65:ff:ff:00:20:00:00:06:00:39:50:32:30:30:30
c:    readbuf/END
c:    r_/BEG
c:        free: 15 bytes
c:        Rversion
c:    r_/END
c:main/END
